Using straight data with source cap=500; model=fourier_knn

======================================================================
Cap-500 rehearsal [fourier_knn]: scenario1 -> scenario32straight (s1_to_s32straight)
======================================================================
  seed 0 complete
  seed 1 complete
  seed 2 complete
  seed 3 complete
  seed 4 complete
  seed 5 complete
  seed 6 complete
  seed 7 complete
  seed 8 complete
  seed 9 complete
Saved result\stage1_s1_to_s32straight_cap500_rehearsal_fourier_knn_acc.mat and result\stage1_s1_to_s32straight_cap500_rehearsal_fourier_knn_pwr.mat

======================================================================
Cap-500 rehearsal [fourier_knn]: scenario2 -> scenario33straight (s2_to_s33straight)
======================================================================
  seed 0 complete
  seed 1 complete
  seed 2 complete
  seed 3 complete
  seed 4 complete
  seed 5 complete
  seed 6 complete
  seed 7 complete
  seed 8 complete
  seed 9 complete
Saved result\stage1_s2_to_s33straight_cap500_rehearsal_fourier_knn_acc.mat and result\stage1_s2_to_s33straight_cap500_rehearsal_fourier_knn_pwr.mat

======================================================================
Cap-500 rehearsal [fourier_knn]: scenario3 -> scenario32straight (s3_to_s32straight)
======================================================================
  seed 0 complete
  seed 1 complete
  seed 2 complete
  seed 3 complete
  seed 4 complete
  seed 5 complete
  seed 6 complete
  seed 7 complete
  seed 8 complete
  seed 9 complete
Saved result\stage1_s3_to_s32straight_cap500_rehearsal_fourier_knn_acc.mat and result\stage1_s3_to_s32straight_cap500_rehearsal_fourier_knn_pwr.mat

======================================================================
Cap-500 rehearsal [fourier_knn]: scenario4 -> scenario33straight (s4_to_s33straight)
======================================================================
  seed 0 complete
  seed 1 complete
  seed 2 complete
  seed 3 complete
  seed 4 complete
  seed 5 complete
  seed 6 complete
  seed 7 complete
  seed 8 complete
  seed 9 complete
Saved result\stage1_s4_to_s33straight_cap500_rehearsal_fourier_knn_acc.mat and result\stage1_s4_to_s33straight_cap500_rehearsal_fourier_knn_pwr.mat
Saved result\stage1_summary_fourier_knn_rehearsal_straight_cap500.json
Straight cap-500 rehearsal study complete for model=fourier_knn.
