seed 0: synthetic pretrain -> Scenario 1 replay -> Scenario 32
cpu
-----------------------------------------------------------------------
      Layer (type)        Output Shape         Param #     Tr. Param #
=======================================================================
          Linear-1           [32, 256]           1,280           1,280
            ReLU-2           [32, 256]               0               0
          Linear-3           [32, 256]          65,792          65,792
          Linear-4           [32, 256]          65,792          65,792
          Linear-5            [32, 16]           4,112           4,112
=======================================================================
Total params: 136,976
Trainable params: 136,976
Non-trainable params: 0
-----------------------------------------------------------------------
val_loss=31.2021
accuracy
[0.03863988 0.11746522 0.2194745  0.31993818]
val_loss=17.2492
accuracy
[0.07727975 0.11901082 0.22102009 0.32921175]
val_loss=22.4328
accuracy
[0.07882535 0.11746522 0.2194745  0.33539413]
val_loss=16.5658
accuracy
[0.00309119 0.00772798 0.04327666 0.19010819]
val_loss=23.0304
accuracy
[0.00309119 0.00618238 0.09582689 0.48686244]
val_loss=25.9935
accuracy
[0.0015456  0.01391036 0.12673879 0.51468315]
val_loss=18.1193
accuracy
[0.0015456  0.00309119 0.00618238 0.08655332]
val_loss=25.8602
accuracy
[0.0015456  0.00309119 0.00772798 0.34775889]
val_loss=30.6929
accuracy
[0.0015456  0.00463679 0.01391036 0.38948995]
val_loss=28.4097
accuracy
[0.         0.04173107 0.04791345 0.1576507 ]
val_loss=41.7878
accuracy
[0.         0.04173107 0.08346213 0.45904173]
