seed 0: synthetic pretrain -> Scenario 1 replay -> Scenario 32
cpu
-----------------------------------------------------------------------
      Layer (type)        Output Shape         Param #     Tr. Param #
=======================================================================
          Linear-1           [32, 256]           1,280           1,280
            ReLU-2           [32, 256]               0               0
          Linear-3           [32, 256]          65,792          65,792
          Linear-4           [32, 256]          65,792          65,792
          Linear-5            [32, 16]           4,112           4,112
=======================================================================
Total params: 136,976
Trainable params: 136,976
Non-trainable params: 0
-----------------------------------------------------------------------
val_loss=19.5841
accuracy
[0.03863988 0.11746522 0.2194745  0.32148377]
val_loss=21.2423
accuracy
[0.03863988 0.11746522 0.2194745  0.24574961]
val_loss=31.7403
accuracy
[0.07882535 0.11746522 0.2194745  0.33075734]
val_loss=15.6396
accuracy
[0.08964451 0.14064915 0.20556414 0.31066461]
val_loss=22.4733
accuracy
[0.01391036 0.02472952 0.13910355 0.25347759]
val_loss=23.8858
accuracy
[0.01391036 0.1251932  0.18547141 0.30602782]
val_loss=28.7668
accuracy
[0.         0.02472952 0.12828439 0.30757342]
val_loss=27.5789
accuracy
[0.04018547 0.04173107 0.07109737 0.17928903]
val_loss=28.7251
accuracy
[0.03863988 0.04327666 0.04945904 0.14683153]
val_loss=37.5598
accuracy
[0.03863988 0.04791345 0.0633694  0.13755796]
val_loss=38.9764
accuracy
[0.03863988 0.05100464 0.05873261 0.14374034]
val_loss=45.6602
accuracy
[0.03863988 0.05100464 0.05873261 0.13755796]
val_loss=41.8927
accuracy
[0.03863988 0.04945904 0.05564142 0.10200927]
val_loss=36.3737
accuracy
[0.03863988 0.05100464 0.05718702 0.08346213]
val_loss=48.8416
accuracy
[0.03863988 0.05255023 0.0633694  0.10510046]
val_loss=45.9336
accuracy
[0.03863988 0.04945904 0.05873261 0.10819165]
val_loss=54.4819
accuracy
[0.03863988 0.05100464 0.05564142 0.18083462]
val_loss=77.5679
accuracy
[0.03863988 0.05409583 0.0633694  0.40958269]
val_loss=71.3936
accuracy
[0.03863988 0.04945904 0.05873261 0.28748068]
val_loss=78.9618
accuracy
[0.03863988 0.04945904 0.05255023 0.34930448]
val_loss=73.4648
accuracy
[0.03863988 0.05100464 0.05564142 0.15455951]
val_loss=76.7379
accuracy
[0.03863988 0.04018547 0.05409583 0.16537867]
val_loss=82.2566
accuracy
[0.03863988 0.04018547 0.05409583 0.20401855]
val_loss=83.2328
accuracy
[0.03863988 0.04173107 0.05564142 0.19010819]
val_loss=82.7569
accuracy
[0.03863988 0.04173107 0.05564142 0.1561051 ]
val_loss=83.6351
accuracy
[0.03863988 0.04173107 0.05564142 0.1576507 ]
val_loss=82.7668
accuracy
[0.03863988 0.04018547 0.05409583 0.1236476 ]
val_loss=87.9133
accuracy
[0.03863988 0.04173107 0.05564142 0.1561051 ]
val_loss=87.1234
accuracy
[0.03863988 0.04173107 0.05564142 0.15301391]
val_loss=85.7226
accuracy
[0.03863988 0.04018547 0.05255023 0.11282844]
val_loss=89.9533
accuracy
[0.03863988 0.04173107 0.05718702 0.14528594]
val_loss=93.4411
accuracy
[0.03863988 0.04173107 0.05564142 0.15455951]
val_loss=96.3791
accuracy
[0.03863988 0.04173107 0.05718702 0.13601236]
val_loss=98.4615
accuracy
[0.03863988 0.04018547 0.05564142 0.12210201]
val_loss=96.9255
accuracy
[0.03863988 0.04173107 0.05564142 0.12210201]
val_loss=98.5346
accuracy
[0.03863988 0.04173107 0.05564142 0.11282844]
val_loss=95.0222
accuracy
[0.03863988 0.04018547 0.05409583 0.08500773]
val_loss=102.2437
accuracy
[0.03863988 0.04173107 0.05564142 0.08655332]
val_loss=106.6386
accuracy
[0.03863988 0.04018547 0.05409583 0.08655332]
val_loss=100.2790
accuracy
[0.03863988 0.04173107 0.05564142 0.08191654]
Finished Training
cpu
Finished Training
cpu
Finished Training
cpu
Finished Training
cpu
Finished Training
seed 0 complete
seed 1: synthetic pretrain -> Scenario 1 replay -> Scenario 32
cpu
-----------------------------------------------------------------------
      Layer (type)        Output Shape         Param #     Tr. Param #
=======================================================================
          Linear-1           [32, 256]           1,280           1,280
            ReLU-2           [32, 256]               0               0
          Linear-3           [32, 256]          65,792          65,792
          Linear-4           [32, 256]          65,792          65,792
          Linear-5            [32, 16]           4,112           4,112
=======================================================================
Total params: 136,976
Trainable params: 136,976
Non-trainable params: 0
-----------------------------------------------------------------------
val_loss=18.6068
accuracy
[0.02936631 0.10046368 0.18238022 0.2812983 ]
val_loss=15.4709
accuracy
[0.01545595 0.10046368 0.18238022 0.28438949]
val_loss=17.9388
accuracy
[0.01391036 0.03709428 0.12210201 0.51004637]
val_loss=16.9809
accuracy
[0.00309119 0.00772798 0.06955178 0.43276662]
val_loss=19.9626
accuracy
[0.         0.         0.04173107 0.39103555]
val_loss=20.2527
accuracy
[0.         0.0015456  0.01545595 0.37248841]
val_loss=18.2087
accuracy
[0.00927357 0.01236476 0.01854714 0.34775889]
val_loss=29.5250
accuracy
[0.00927357 0.01391036 0.06955178 0.42967543]
val_loss=27.8016
accuracy
[0.00309119 0.0324575  0.04636785 0.37248841]
val_loss=23.5569
accuracy
[0.02936631 0.03400309 0.04945904 0.3446677 ]
val_loss=31.0880
accuracy
[0.02936631 0.04018547 0.05100464 0.33075734]
val_loss=25.2344
accuracy
[0.02936631 0.04327666 0.04945904 0.12055641]
val_loss=38.0598
accuracy
[0.02936631 0.03863988 0.04791345 0.31066461]
val_loss=35.6208
accuracy
[0.02936631 0.04327666 0.04791345 0.13755796]
val_loss=47.8518
accuracy
[0.02936631 0.04482226 0.05100464 0.26584235]
val_loss=50.8492
accuracy
[0.02936631 0.04327666 0.04791345 0.13601236]
val_loss=58.4351
accuracy
[0.02936631 0.04173107 0.04791345 0.2179289 ]
val_loss=57.7288
accuracy
[0.02936631 0.0309119  0.04791345 0.15301391]
val_loss=74.3758
accuracy
[0.02936631 0.0324575  0.04636785 0.29057187]
val_loss=88.8168
accuracy
[0.02936631 0.0324575  0.04791345 0.35085008]
val_loss=71.2372
accuracy
[0.02936631 0.0309119  0.04791345 0.14837713]
val_loss=77.3608
accuracy
[0.02936631 0.0309119  0.04636785 0.17001546]
val_loss=70.6766
accuracy
[0.02936631 0.0309119  0.04791345 0.12210201]
val_loss=72.0869
accuracy
[0.02936631 0.0309119  0.04791345 0.11901082]
val_loss=74.8016
accuracy
[0.02936631 0.0309119  0.04791345 0.12673879]
val_loss=77.2358
accuracy
[0.02936631 0.0309119  0.04791345 0.12828439]
val_loss=75.3512
accuracy
[0.02936631 0.0309119  0.04791345 0.11282844]
val_loss=77.5879
accuracy
[0.02936631 0.0309119  0.04791345 0.11901082]
val_loss=81.6279
accuracy
[0.02936631 0.0309119  0.04945904 0.12828439]
val_loss=83.8219
accuracy
[0.02936631 0.0309119  0.04791345 0.1236476 ]
val_loss=87.1639
accuracy
[0.02936631 0.0309119  0.04791345 0.13910355]
val_loss=85.8063
accuracy
[0.02936631 0.0309119  0.04791345 0.13601236]
val_loss=84.8668
accuracy
[0.02936631 0.0309119  0.04791345 0.1236476 ]
val_loss=81.9897
accuracy
[0.02936631 0.0309119  0.04791345 0.09737249]
val_loss=81.2046
accuracy
[0.02936631 0.0309119  0.04791345 0.09582689]
val_loss=87.9127
accuracy
[0.02936631 0.0309119  0.04791345 0.12210201]
val_loss=84.2130
accuracy
[0.02936631 0.0309119  0.04791345 0.09891808]
val_loss=91.3651
accuracy
[0.02936631 0.0309119  0.04945904 0.12828439]
val_loss=88.4033
accuracy
[0.02936631 0.0309119  0.04791345 0.09891808]
val_loss=92.2891
accuracy
[0.02936631 0.0309119  0.04791345 0.11591963]
Finished Training
cpu
Finished Training
cpu
Finished Training
cpu
Finished Training
cpu
Finished Training
seed 1 complete
seed 2: synthetic pretrain -> Scenario 1 replay -> Scenario 32
cpu
-----------------------------------------------------------------------
      Layer (type)        Output Shape         Param #     Tr. Param #
=======================================================================
          Linear-1           [32, 256]           1,280           1,280
            ReLU-2           [32, 256]               0               0
          Linear-3           [32, 256]          65,792          65,792
          Linear-4           [32, 256]          65,792          65,792
          Linear-5            [32, 16]           4,112           4,112
=======================================================================
Total params: 136,976
Trainable params: 136,976
Non-trainable params: 0
-----------------------------------------------------------------------
val_loss=20.2197
accuracy
[0.04636785 0.11746522 0.20710974 0.23338485]
val_loss=23.2393
accuracy
[0.07109737 0.11746522 0.20710974 0.3137558 ]
val_loss=36.0168
accuracy
[0.07264297 0.11746522 0.20710974 0.30448223]
val_loss=17.2356
accuracy
[0.00309119 0.00463679 0.02936631 0.13910355]
val_loss=23.7128
accuracy
[0.00463679 0.00618238 0.04018547 0.16074189]
val_loss=19.1799
accuracy
[0.00309119 0.00618238 0.02318393 0.12210201]
val_loss=23.3239
accuracy
[0.00309119 0.00927357 0.02009274 0.12055641]
val_loss=28.6997
accuracy
[0.04791345 0.04791345 0.09119011 0.44822257]
val_loss=32.2358
accuracy
[0.04791345 0.04791345 0.09119011 0.45440495]
val_loss=33.7590
accuracy
[0.04791345 0.05255023 0.0633694  0.36166924]
val_loss=45.8318
accuracy
[0.04636785 0.06955178 0.15919629 0.51777434]
val_loss=51.9507
accuracy
[0.04791345 0.05100464 0.09582689 0.45595054]
val_loss=48.5464
accuracy
[0.00463679 0.05255023 0.05873261 0.36785162]
val_loss=43.9204
accuracy
[0.00309119 0.00463679 0.01391036 0.14683153]
val_loss=65.7526
accuracy
[0.00463679 0.00618238 0.01391036 0.38021638]
val_loss=61.5691
accuracy
[0.04791345 0.05255023 0.06027821 0.4049459 ]
val_loss=54.9090
accuracy
[0.02009274 0.04791345 0.05100464 0.12982998]
val_loss=57.4005
accuracy
[0.0015456  0.04791345 0.05718702 0.12982998]
val_loss=61.9759
accuracy
[0.0015456  0.04791345 0.05564142 0.11746522]
val_loss=72.7938
accuracy
[0.0015456  0.0942813  0.10973725 0.31839258]
val_loss=75.0354
accuracy
[0.0015456  0.04791345 0.05564142 0.13910355]
val_loss=80.8169
accuracy
[0.0015456  0.04945904 0.05873261 0.19319938]
val_loss=79.6145
accuracy
[0.0015456  0.04791345 0.05409583 0.13292117]
val_loss=81.9874
accuracy
[0.0015456  0.04791345 0.05564142 0.13446677]
val_loss=83.1372
accuracy
[0.0015456  0.04636785 0.05409583 0.12828439]
val_loss=88.6447
accuracy
[0.0015456  0.04791345 0.05409583 0.13755796]
val_loss=98.6415
accuracy
[0.0015456  0.05255023 0.0618238  0.32302937]
val_loss=92.8055
accuracy
[0.0015456  0.04791345 0.05564142 0.13137558]
val_loss=93.1332
accuracy
[0.0015456  0.04636785 0.05564142 0.13446677]
val_loss=92.8823
accuracy
[0.0015456  0.04636785 0.05409583 0.13446677]
val_loss=95.2979
accuracy
[0.0015456  0.04636785 0.05409583 0.13137558]
val_loss=101.2401
accuracy
[0.0015456  0.04945904 0.05873261 0.187017  ]
val_loss=102.6431
accuracy
[0.0015456  0.04636785 0.05718702 0.16537867]
val_loss=103.5043
accuracy
[0.0015456  0.04636785 0.05718702 0.14683153]
val_loss=103.7535
accuracy
[0.0015456  0.04636785 0.05718702 0.14064915]
val_loss=105.0680
accuracy
[0.0015456  0.04636785 0.05564142 0.14528594]
val_loss=105.3489
accuracy
[0.0015456  0.04636785 0.05564142 0.14528594]
val_loss=109.1033
accuracy
[0.0015456  0.04636785 0.05564142 0.1576507 ]
val_loss=112.0297
accuracy
[0.0015456  0.04636785 0.05409583 0.16383308]
val_loss=114.4372
accuracy
[0.0015456  0.04791345 0.05564142 0.14837713]
Finished Training
cpu
Finished Training
cpu
Finished Training
cpu
Finished Training
cpu
Finished Training
seed 2 complete
synth-real-Scenario32 rehearsal study complete.
