This is pdfTeX, Version 3.141592653-2.6-1.40.26 (MiKTeX 24.4) (preloaded format=pdflatex 2024.12.10)  15 SEP 2026 17:57
entering extended mode
 restricted \write18 enabled.
 %&-line parsing enabled.
**./main.tex
(main.tex
LaTeX2e <2024-11-01>
L3 programming layer <2024-11-02>
(iutbscthesis.cls
Document Class: iutbscthesis 2024/05/31 LaTeX Class for writing BSc Thesis Repo
rt of Islamic University of Technology (IUT), written by MBH and MIA
(C:\Users\Dell\AppData\Local\Programs\MiKTeX\tex/latex/base\report.cls
Document Class: report 2024/06/29 v1.4n Standard LaTeX document class
(C:\Users\Dell\AppData\Local\Programs\MiKTeX\tex/latex/base\size12.clo
File: size12.clo 2024/06/29 v1.4n Standard LaTeX file (size option)
)
\c@part=\count196
\c@chapter=\count197
\c@section=\count198
\c@subsection=\count199
\c@subsubsection=\count266
\c@paragraph=\count267
\c@subparagraph=\count268
\c@figure=\count269
\c@table=\count270
\abovecaptionskip=\skip49
\belowcaptionskip=\skip50
\bibindent=\dimen141
)
(C:\Users\Dell\AppData\Local\Programs\MiKTeX\tex/latex/geometry\geometry.sty
Package: geometry 2020/01/02 v5.9 Page Geometry

(C:\Users\Dell\AppData\Local\Programs\MiKTeX\tex/latex/graphics\keyval.sty
Package: keyval 2022/05/29 v1.15 key=value parser (DPC)
\KV@toks@=\toks17
)
(C:\Users\Dell\AppData\Local\Programs\MiKTeX\tex/generic/iftex\ifvtex.sty
Package: ifvtex 2019/10/25 v1.7 ifvtex legacy package. Use iftex instead.

(C:\Users\Dell\AppData\Local\Programs\MiKTeX\tex/generic/iftex\iftex.sty
Package: iftex 2022/02/03 v1.0f TeX engine tests
))
\Gm@cnth=\count271
\Gm@cntv=\count272
\c@Gm@tempcnt=\count273
\Gm@bindingoffset=\dimen142
\Gm@wd@mp=\dimen143
\Gm@odd@mp=\dimen144
\Gm@even@mp=\dimen145
\Gm@layoutwidth=\dimen146
\Gm@layoutheight=\dimen147
\Gm@layouthoffset=\dimen148
\Gm@layoutvoffset=\dimen149
\Gm@dimlist=\toks18

(C:\Users\Dell\AppData\Local\Programs\MiKTeX\tex/latex/geometry\geometry.cfg))
(C:\Users\Dell\AppData\Local\Programs\MiKTeX\tex/latex/lm\lmodern.sty
Package: lmodern 2015/05/01 v1.6.1 Latin Modern Fonts
LaTeX Font Info:    Overwriting symbol font `operators' in version `normal'
(Font)                  OT1/cmr/m/n --> OT1/lmr/m/n on input line 22.
LaTeX Font Info:    Overwriting symbol font `letters' in version `normal'
(Font)                  OML/cmm/m/it --> OML/lmm/m/it on input line 23.
LaTeX Font Info:    Overwriting symbol font `symbols' in version `normal'
(Font)                  OMS/cmsy/m/n --> OMS/lmsy/m/n on input line 24.
LaTeX Font Info:    Overwriting symbol font `largesymbols' in version `normal'
(Font)                  OMX/cmex/m/n --> OMX/lmex/m/n on input line 25.
LaTeX Font Info:    Overwriting symbol font `operators' in version `bold'
(Font)                  OT1/cmr/bx/n --> OT1/lmr/bx/n on input line 26.
LaTeX Font Info:    Overwriting symbol font `letters' in version `bold'
(Font)                  OML/cmm/b/it --> OML/lmm/b/it on input line 27.
LaTeX Font Info:    Overwriting symbol font `symbols' in version `bold'
(Font)                  OMS/cmsy/b/n --> OMS/lmsy/b/n on input line 28.
LaTeX Font Info:    Overwriting symbol font `largesymbols' in version `bold'
(Font)                  OMX/cmex/m/n --> OMX/lmex/m/n on input line 29.
LaTeX Font Info:    Overwriting math alphabet `\mathbf' in version `normal'
(Font)                  OT1/cmr/bx/n --> OT1/lmr/bx/n on input line 31.
LaTeX Font Info:    Overwriting math alphabet `\mathsf' in version `normal'
(Font)                  OT1/cmss/m/n --> OT1/lmss/m/n on input line 32.
LaTeX Font Info:    Overwriting math alphabet `\mathit' in version `normal'
(Font)                  OT1/cmr/m/it --> OT1/lmr/m/it on input line 33.
LaTeX Font Info:    Overwriting math alphabet `\mathtt' in version `normal'
(Font)                  OT1/cmtt/m/n --> OT1/lmtt/m/n on input line 34.
LaTeX Font Info:    Overwriting math alphabet `\mathbf' in version `bold'
(Font)                  OT1/cmr/bx/n --> OT1/lmr/bx/n on input line 35.
LaTeX Font Info:    Overwriting math alphabet `\mathsf' in version `bold'
(Font)                  OT1/cmss/bx/n --> OT1/lmss/bx/n on input line 36.
LaTeX Font Info:    Overwriting math alphabet `\mathit' in version `bold'
(Font)                  OT1/cmr/bx/it --> OT1/lmr/bx/it on input line 37.
LaTeX Font Info:    Overwriting math alphabet `\mathtt' in version `bold'
(Font)                  OT1/cmtt/m/n --> OT1/lmtt/m/n on input line 38.
)
(C:\Users\Dell\AppData\Local\Programs\MiKTeX\tex/fonts/stix2-type1\stix2.sty
Package: stix2 2021/01/14 v2.0.2-latex STIX Two fonts support package

(C:\Users\Dell\AppData\Local\Programs\MiKTeX\tex/latex/base\textcomp.sty
Package: textcomp 2024/04/24 v2.1b Standard LaTeX package
LaTeX Font Info:    Changing ? sub-encoding to TS1/0 on input line 75.
)
Now handling font encoding LS1 ...
... no UTF-8 mapping file for font encoding LS1
Now handling font encoding LS2 ...
... no UTF-8 mapping file for font encoding LS2
LaTeX Font Info:    Redeclaring symbol font `letters' on input line 78.
LaTeX Font Info:    Encoding `OML' has changed to `LS1' for symbol font
(Font)              `letters' in the math version `normal' on input line 78.
LaTeX Font Info:    Overwriting symbol font `letters' in version `normal'
(Font)                  OML/lmm/m/it --> LS1/stix2/m/it on input line 78.
LaTeX Font Info:    Encoding `OML' has changed to `LS1' for symbol font
(Font)              `letters' in the math version `bold' on input line 78.
LaTeX Font Info:    Overwriting symbol font `letters' in version `bold'
(Font)                  OML/lmm/b/it --> LS1/stix2/m/it on input line 78.
LaTeX Font Info:    Redeclaring symbol font `operators' on input line 79.
LaTeX Font Info:    Encoding `OT1' has changed to `LS1' for symbol font
(Font)              `operators' in the math version `normal' on input line 79.
LaTeX Font Info:    Overwriting symbol font `operators' in version `normal'
(Font)                  OT1/lmr/m/n --> LS1/stix2/m/n on input line 79.
LaTeX Font Info:    Encoding `OT1' has changed to `LS1' for symbol font
(Font)              `operators' in the math version `bold' on input line 79.
LaTeX Font Info:    Overwriting symbol font `operators' in version `bold'
(Font)                  OT1/lmr/bx/n --> LS1/stix2/m/n on input line 79.
\symbold-operators=\mathgroup4
LaTeX Font Info:    Redeclaring symbol font `symbols' on input line 81.
LaTeX Font Info:    Encoding `OMS' has changed to `LS1' for symbol font
(Font)              `symbols' in the math version `normal' on input line 81.
LaTeX Font Info:    Overwriting symbol font `symbols' in version `normal'
(Font)                  OMS/lmsy/m/n --> LS1/stix2scr/m/n on input line 81.
LaTeX Font Info:    Encoding `OMS' has changed to `LS1' for symbol font
(Font)              `symbols' in the math version `bold' on input line 81.
LaTeX Font Info:    Overwriting symbol font `symbols' in version `bold'
(Font)                  OMS/lmsy/b/n --> LS1/stix2scr/m/n on input line 81.
\symsymbols2=\mathgroup5
\symsymbols3=\mathgroup6
\symsymbols4=\mathgroup7
\symintegrals=\mathgroup8
LaTeX Font Info:    Redeclaring symbol font `largesymbols' on input line 86.
LaTeX Font Info:    Encoding `OMX' has changed to `LS2' for symbol font
(Font)              `largesymbols' in the math version `normal' on input line 8
6.
LaTeX Font Info:    Overwriting symbol font `largesymbols' in version `normal'
(Font)                  OMX/lmex/m/n --> LS2/stix2ex/m/n on input line 86.
LaTeX Font Info:    Encoding `OMX' has changed to `LS2' for symbol font
(Font)              `largesymbols' in the math version `bold' on input line 86.

LaTeX Font Info:    Overwriting symbol font `largesymbols' in version `bold'
(Font)                  OMX/lmex/m/n --> LS2/stix2ex/m/n on input line 86.
\symarrows1=\mathgroup9
\symarrows2=\mathgroup10
\symarrows3=\mathgroup11
LaTeX Font Info:    Overwriting symbol font `letters' in version `bold'
(Font)                  LS1/stix2/m/it --> LS1/stix2/b/it on input line 90.
LaTeX Font Info:    Overwriting symbol font `operators' in version `bold'
(Font)                  LS1/stix2/m/n --> LS1/stix2/b/n on input line 91.
LaTeX Font Info:    Overwriting symbol font `symbols' in version `bold'
(Font)                  LS1/stix2scr/m/n --> LS1/stix2scr/b/n on input line 92.

LaTeX Font Info:    Overwriting symbol font `symbols2' in version `bold'
(Font)                  LS1/stix2frak/m/n --> LS1/stix2frak/b/n on input line 9
3.
LaTeX Font Info:    Overwriting symbol font `symbols3' in version `bold'
(Font)                  LS1/stix2bb/m/n --> LS1/stix2bb/b/n on input line 94.
LaTeX Font Info:    Overwriting symbol font `symbols4' in version `bold'
(Font)                  LS1/stix2bb/m/it --> LS1/stix2bb/b/it on input line 95.

LaTeX Font Info:    Overwriting symbol font `integrals' in version `bold'
(Font)                  LS2/stix2cal/m/n --> LS2/stix2cal/b/n on input line 96.

LaTeX Font Info:    Overwriting symbol font `largesymbols' in version `bold'
(Font)                  LS2/stix2ex/m/n --> LS2/stix2ex/b/n on input line 97.
LaTeX Font Info:    Overwriting symbol font `arrows1' in version `bold'
(Font)                  LS1/stix2sf/m/n --> LS1/stix2sf/b/n on input line 98.
LaTeX Font Info:    Overwriting symbol font `arrows2' in version `bold'
(Font)                  LS1/stix2sf/m/it --> LS1/stix2sf/b/it on input line 99.

LaTeX Font Info:    Overwriting symbol font `arrows3' in version `bold'
(Font)                  LS2/stix2tt/m/n --> LS2/stix2tt/b/n on input line 100.
LaTeX Font Info:    Redeclaring math alphabet \mathit on input line 101.
LaTeX Font Info:    Redeclaring math alphabet \mathsf on input line 107.
LaTeX Font Info:    Redeclaring math alphabet \mathtt on input line 109.
LaTeX Font Info:    Redeclaring math alphabet \mathbf on input line 110.
LaTeX Font Info:    Redeclaring math symbol \hbar on input line 226.
LaTeX Font Info:    Redeclaring math accent \grave on input line 697.
LaTeX Font Info:    Redeclaring math accent \acute on input line 698.
LaTeX Font Info:    Redeclaring math accent \hat on input line 699.
LaTeX Font Info:    Redeclaring math accent \tilde on input line 700.
LaTeX Font Info:    Redeclaring math accent \bar on input line 701.
LaTeX Font Info:    Redeclaring math accent \breve on input line 702.
LaTeX Font Info:    Redeclaring math accent \dot on input line 703.
LaTeX Font Info:    Redeclaring math accent \ddot on input line 704.
LaTeX Font Info:    Redeclaring math accent \mathring on input line 706.
LaTeX Font Info:    Redeclaring math accent \check on input line 707.
LaTeX Font Info:    Redeclaring math accent \vec on input line 715.
LaTeX Font Info:    Redeclaring math accent \widehat on input line 727.
LaTeX Font Info:    Redeclaring math accent \widetilde on input line 728.
LaTeX Info: Redefining \vdots on input line 1517.
LaTeX Info: Redefining \cdots on input line 1521.
LaTeX Font Info:    Redeclaring math symbol \mathsterling on input line 1977.
LaTeX Info: Redefining \not on input line 2141.
)
(C:\Users\Dell\AppData\Local\Programs\MiKTeX\tex/latex/parskip\parskip.sty
Package: parskip 2021-03-14 v2.0h non-zero parskip adjustments

(C:\Users\Dell\AppData\Local\Programs\MiKTeX\tex/latex/kvoptions\kvoptions.sty
Package: kvoptions 2022-06-15 v3.15 Key value format for package options (HO)

(C:\Users\Dell\AppData\Local\Programs\MiKTeX\tex/generic/ltxcmds\ltxcmds.sty
Package: ltxcmds 2023-12-04 v1.26 LaTeX kernel commands for general use (HO)
)
(C:\Users\Dell\AppData\Local\Programs\MiKTeX\tex/latex/kvsetkeys\kvsetkeys.sty
Package: kvsetkeys 2022-10-05 v1.19 Key value parser (HO)
)) (C:\Users\Dell\AppData\Local\Programs\MiKTeX\tex/latex/etoolbox\etoolbox.sty
Package: etoolbox 2020/10/05 v2.5k e-TeX tools for LaTeX (JAW)
\etb@tempcnta=\count274
)) (C:\Users\Dell\AppData\Local\Programs\MiKTeX\tex/latex/setspace\setspace.sty
Package: setspace 2022/12/04 v6.7b set line spacing
) (C:\Users\Dell\AppData\Local\Programs\MiKTeX\tex/latex/floatrow\floatrow.sty
Package: floatrow 2008/08/02 v0.3b floatrow: float package extension

(C:\Users\Dell\AppData\Local\Programs\MiKTeX\tex/latex/caption\caption3.sty
Package: caption3 2023/07/31 v2.4d caption3 kernel (AR)
\caption@tempdima=\dimen150
\captionmargin=\dimen151
\caption@leftmargin=\dimen152
\caption@rightmargin=\dimen153
\caption@width=\dimen154
\caption@indent=\dimen155
\caption@parindent=\dimen156
\caption@hangindent=\dimen157
Package caption Info: Standard document class detected.
)
\c@float@type=\count275
\float@exts=\toks19
\float@box=\box52
\@floatcapt=\box53
Package floatrow Info: Modified float package code loaded on input line 455.
Package floatrow Info: Modified rotfloat package code loaded on input line 473.

\FR@everyfloat=\toks20
\flrow@foot=\insert252
\FB@wd=\dimen158
\FBo@wd=\dimen159
\FBc@wd=\dimen160
\FBo@ht=\skip51
\FBc@ht=\skip52
\FBf@ht=\skip53
\FBo@max=\skip54
\FBc@max=\skip55
\FBf@max=\skip56
\c@FBl@b=\count276
\floatbox@depth=\count277
\c@FRobj=\count278
\c@FRsobj=\count279
\Xhsize=\skip57
\sXhsize=\skip58
\Zhsize=\skip59
\sZhsize=\skip60
\flrow@rowbox=\box54
\FR@Zunitlength=\dimen161
\c@FBcnt=\count280
\FPOScnt=\count281
\LTleft=\skip61
\LTright=\skip62
\LTleft=\skip63
\LTright=\skip64
\flrow@types=\toks21
)
(C:\Users\Dell\AppData\Local\Programs\MiKTeX\tex/latex/graphics\graphicx.sty
Package: graphicx 2021/09/16 v1.2d Enhanced LaTeX Graphics (DPC,SPQR)

(C:\Users\Dell\AppData\Local\Programs\MiKTeX\tex/latex/graphics\graphics.sty
Package: graphics 2024/08/06 v1.4g Standard LaTeX Graphics (DPC,SPQR)

(C:\Users\Dell\AppData\Local\Programs\MiKTeX\tex/latex/graphics\trig.sty
Package: trig 2023/12/02 v1.11 sin cos tan (DPC)
)
(C:\Users\Dell\AppData\Local\Programs\MiKTeX\tex/latex/graphics-cfg\graphics.cf
g
File: graphics.cfg 2016/06/04 v1.11 sample graphics configuration
)
Package graphics Info: Driver file: pdftex.def on input line 106.

(C:\Users\Dell\AppData\Local\Programs\MiKTeX\tex/latex/graphics-def\pdftex.def
File: pdftex.def 2024/04/13 v1.2c Graphics/color driver for pdftex
))
\Gin@req@height=\dimen162
\Gin@req@width=\dimen163
) (C:\Users\Dell\AppData\Local\Programs\MiKTeX\tex/latex/caption\caption.sty
Package: caption 2023/08/05 v3.6o Customizing captions (AR)
\c@caption@flags=\count282
\c@continuedfloat=\count283
Package caption Info: float package is loaded.
Package caption Info: floatrow package is loaded.
Package caption Info: floatrow package is loaded.
)
(C:\Users\Dell\AppData\Local\Programs\MiKTeX\tex/latex/caption\subcaption.sty
Package: subcaption 2023/07/28 v1.6b Sub-captions (AR)
Package caption Info: New subtype `subfigure' on input line 238.
\c@subfigure=\count284
Package caption Info: New subtype `subtable' on input line 238.
\c@subtable=\count285
)
(C:\Users\Dell\AppData\Local\Programs\MiKTeX\tex/latex/tools\array.sty
Package: array 2024/10/17 v2.6g Tabular extension package (FMi)
\col@sep=\dimen164
\ar@mcellbox=\box55
\extrarowheight=\dimen165
\NC@list=\toks22
\extratabsurround=\skip65
\backup@length=\skip66
\ar@cellbox=\box56
)
(C:\Users\Dell\AppData\Local\Programs\MiKTeX\tex/latex/booktabs\booktabs.sty
Package: booktabs 2020/01/12 v1.61803398 Publication quality tables
\heavyrulewidth=\dimen166
\lightrulewidth=\dimen167
\cmidrulewidth=\dimen168
\belowrulesep=\dimen169
\belowbottomsep=\dimen170
\aboverulesep=\dimen171
\abovetopsep=\dimen172
\cmidrulesep=\dimen173
\cmidrulekern=\dimen174
\defaultaddspace=\dimen175
\@cmidla=\count286
\@cmidlb=\count287
\@aboverulesep=\dimen176
\@belowrulesep=\dimen177
\@thisruleclass=\count288
\@lastruleclass=\count289
\@thisrulewidth=\dimen178
)
(C:\Users\Dell\AppData\Local\Programs\MiKTeX\tex/latex/amsmath\amsmath.sty
Package: amsmath 2024/11/05 v2.17t AMS math features
\@mathmargin=\skip67

For additional information on amsmath, use the `?' option.
(C:\Users\Dell\AppData\Local\Programs\MiKTeX\tex/latex/amsmath\amstext.sty
Package: amstext 2021/08/26 v2.01 AMS text

(C:\Users\Dell\AppData\Local\Programs\MiKTeX\tex/latex/amsmath\amsgen.sty
File: amsgen.sty 1999/11/30 v2.0 generic functions
\@emptytoks=\toks23
\ex@=\dimen179
))
(C:\Users\Dell\AppData\Local\Programs\MiKTeX\tex/latex/amsmath\amsbsy.sty
Package: amsbsy 1999/11/29 v1.2d Bold Symbols
\pmbraise@=\dimen180
)
(C:\Users\Dell\AppData\Local\Programs\MiKTeX\tex/latex/amsmath\amsopn.sty
Package: amsopn 2022/04/08 v2.04 operator names
)
\inf@bad=\count290
LaTeX Info: Redefining \frac on input line 233.
\uproot@=\count291
\leftroot@=\count292
LaTeX Info: Redefining \overline on input line 398.
LaTeX Info: Redefining \colon on input line 409.
\classnum@=\count293
\DOTSCASE@=\count294
LaTeX Info: Redefining \ldots on input line 495.
LaTeX Info: Redefining \dots on input line 498.
\Mathstrutbox@=\box57
\strutbox@=\box58
LaTeX Info: Redefining \big on input line 721.
LaTeX Info: Redefining \Big on input line 722.
LaTeX Info: Redefining \bigg on input line 723.
LaTeX Info: Redefining \Bigg on input line 724.
\big@size=\dimen181
LaTeX Font Info:    Redeclaring font encoding OML on input line 742.
LaTeX Font Info:    Redeclaring font encoding OMS on input line 743.
\macc@depth=\count295
LaTeX Info: Redefining \bmod on input line 904.
LaTeX Info: Redefining \pmod on input line 909.
LaTeX Info: Redefining \smash on input line 939.
\c@MaxMatrixCols=\count296
\dotsspace@=\muskip17
\c@parentequation=\count297
\dspbrk@lvl=\count298
\tag@help=\toks24
\row@=\count299
\column@=\count300
\maxfields@=\count301
\andhelp@=\toks25
\eqnshift@=\dimen182
\alignsep@=\dimen183
\tagshift@=\dimen184
\tagwidth@=\dimen185
\totwidth@=\dimen186
\lineht@=\dimen187
\@envbody=\toks26
\multlinegap=\skip68
\multlinetaggap=\skip69
\mathdisplay@stack=\toks27
LaTeX Info: Redefining \[ on input line 2953.
LaTeX Info: Redefining \] on input line 2954.
)
(C:\Users\Dell\AppData\Local\Programs\MiKTeX\tex/latex/xfrac\xfrac.sty
Package: xfrac 2024-06-04 Split-level fractions
\l__xfrac_slash_box=\box59
\l__xfrac_tmp_box=\box60
\l__xfrac_denominator_bot_sep_dim=\dimen188
\l__xfrac_numerator_bot_sep_dim=\dimen189
\l__xfrac_numerator_top_sep_dim=\dimen190
\l__xfrac_slash_left_sep_dim=\dimen191
\l__xfrac_slash_right_sep_dim=\dimen192
\l__xfrac_slash_left_muskip=\muskip18
\l__xfrac_slash_right_muskip=\muskip19

LaTeX template Info: Declaring template type 'xfrac' taking 3 argument(s) on
(template)           line 100.


LaTeX template Info: Declaring instance 'cmr' of type xfrac on line 392.


LaTeX template Info: Declaring instance 'cmss' of type xfrac on line 392.


LaTeX template Info: Declaring instance 'cmtt' of type xfrac on line 392.

)
(C:\Users\Dell\AppData\Local\Programs\MiKTeX\tex/latex/listings\listings.sty
\lst@mode=\count302
\lst@gtempboxa=\box61
\lst@token=\toks28
\lst@length=\count303
\lst@currlwidth=\dimen193
\lst@column=\count304
\lst@pos=\count305
\lst@lostspace=\dimen194
\lst@width=\dimen195
\lst@newlines=\count306
\lst@lineno=\count307
\lst@maxwidth=\dimen196

(C:\Users\Dell\AppData\Local\Programs\MiKTeX\tex/latex/listings\lstpatch.sty
File: lstpatch.sty 2024/09/23 1.10c (Carsten Heinz)
)
(C:\Users\Dell\AppData\Local\Programs\MiKTeX\tex/latex/listings\lstmisc.sty
File: lstmisc.sty 2024/09/23 1.10c (Carsten Heinz)
\c@lstnumber=\count308
\lst@skipnumbers=\count309
\lst@framebox=\box62
)
(C:\Users\Dell\AppData\Local\Programs\MiKTeX\tex/latex/listings\listings.cfg
File: listings.cfg 2024/09/23 1.10c listings configuration
))
Package: listings 2024/09/23 1.10c (Carsten Heinz)

(C:\Users\Dell\AppData\Local\Programs\MiKTeX\tex/latex/upquote\upquote.sty
Package: upquote 2012/04/19 v1.3 upright-quote and grave-accent glyphs in verba
tim
)
(C:\Users\Dell\AppData\Local\Programs\MiKTeX\tex/latex/hyperref\hyperref.sty
Package: hyperref 2024-11-05 v7.01l Hypertext links for LaTeX

(C:\Users\Dell\AppData\Local\Programs\MiKTeX\tex/generic/kvdefinekeys\kvdefinek
eys.sty
Package: kvdefinekeys 2019-12-19 v1.6 Define keys (HO)
)
(C:\Users\Dell\AppData\Local\Programs\MiKTeX\tex/generic/pdfescape\pdfescape.st
y
Package: pdfescape 2019/12/09 v1.15 Implements pdfTeX's escape features (HO)

(C:\Users\Dell\AppData\Local\Programs\MiKTeX\tex/generic/pdftexcmds\pdftexcmds.
sty
Package: pdftexcmds 2020-06-27 v0.33 Utility functions of pdfTeX for LuaTeX (HO
)

(C:\Users\Dell\AppData\Local\Programs\MiKTeX\tex/generic/infwarerr\infwarerr.st
y
Package: infwarerr 2019/12/03 v1.5 Providing info/warning/error messages (HO)
)
Package pdftexcmds Info: \pdf@primitive is available.
Package pdftexcmds Info: \pdf@ifprimitive is available.
Package pdftexcmds Info: \pdfdraftmode found.
)) (C:\Users\Dell\AppData\Local\Programs\MiKTeX\tex/latex/hycolor\hycolor.sty
Package: hycolor 2020-01-27 v1.10 Color options for hyperref/bookmark (HO)
) (C:\Users\Dell\AppData\Local\Programs\MiKTeX\tex/latex/hyperref\nameref.sty
Package: nameref 2023-11-26 v2.56 Cross-referencing by name of section

(C:\Users\Dell\AppData\Local\Programs\MiKTeX\tex/latex/refcount\refcount.sty
Package: refcount 2019/12/15 v3.6 Data extraction from label references (HO)
)
(C:\Users\Dell\AppData\Local\Programs\MiKTeX\tex/generic/gettitlestring\gettitl
estring.sty
Package: gettitlestring 2019/12/15 v1.6 Cleanup title references (HO)
)
\c@section@level=\count310
)
(C:\Users\Dell\AppData\Local\Programs\MiKTeX\tex/generic/stringenc\stringenc.st
y
Package: stringenc 2019/11/29 v1.12 Convert strings between diff. encodings (HO
)
)
\@linkdim=\dimen197
\Hy@linkcounter=\count311
\Hy@pagecounter=\count312
 (C:\Users\Dell\AppData\Local\Programs\MiKTeX\tex/latex/hyperref\pd1enc.def
File: pd1enc.def 2024-11-05 v7.01l Hyperref: PDFDocEncoding definition (HO)
Now handling font encoding PD1 ...
... no UTF-8 mapping file for font encoding PD1
)
(C:\Users\Dell\AppData\Local\Programs\MiKTeX\tex/generic/intcalc\intcalc.sty
Package: intcalc 2019/12/15 v1.3 Expandable calculations with integers (HO)
)
\Hy@SavedSpaceFactor=\count313

(C:\Users\Dell\AppData\Local\Programs\MiKTeX\tex/latex/hyperref\puenc.def
File: puenc.def 2024-11-05 v7.01l Hyperref: PDF Unicode definition (HO)
Now handling font encoding PU ...
... no UTF-8 mapping file for font encoding PU
)
Package hyperref Info: Hyper figures OFF on input line 4157.
Package hyperref Info: Link nesting OFF on input line 4162.
Package hyperref Info: Hyper index ON on input line 4165.
Package hyperref Info: Plain pages OFF on input line 4172.
Package hyperref Info: Backreferencing OFF on input line 4177.
Package hyperref Info: Implicit mode ON; LaTeX internals redefined.
Package hyperref Info: Bookmarks ON on input line 4424.
\c@Hy@tempcnt=\count314

(C:\Users\Dell\AppData\Local\Programs\MiKTeX\tex/latex/url\url.sty
\Urlmuskip=\muskip20
Package: url 2013/09/16  ver 3.4  Verb mode for urls, etc.
)
LaTeX Info: Redefining \url on input line 4763.
\XeTeXLinkMargin=\dimen198

(C:\Users\Dell\AppData\Local\Programs\MiKTeX\tex/generic/bitset\bitset.sty
Package: bitset 2019/12/09 v1.3 Handle bit-vector datatype (HO)

(C:\Users\Dell\AppData\Local\Programs\MiKTeX\tex/generic/bigintcalc\bigintcalc.
sty
Package: bigintcalc 2019/12/15 v1.5 Expandable calculations on big integers (HO
)
))
\Fld@menulength=\count315
\Field@Width=\dimen199
\Fld@charsize=\dimen256
Package hyperref Info: Hyper figures OFF on input line 6042.
Package hyperref Info: Link nesting OFF on input line 6047.
Package hyperref Info: Hyper index ON on input line 6050.
Package hyperref Info: backreferencing OFF on input line 6057.
Package hyperref Info: Link coloring OFF on input line 6062.
Package hyperref Info: Link coloring with OCG OFF on input line 6067.
Package hyperref Info: PDF/A mode OFF on input line 6072.

(C:\Users\Dell\AppData\Local\Programs\MiKTeX\tex/latex/base\atbegshi-ltx.sty
Package: atbegshi-ltx 2021/01/10 v1.0c Emulation of the original atbegshi
package with kernel methods
)
\Hy@abspage=\count316
\c@Item=\count317
\c@Hfootnote=\count318
)
Package hyperref Info: Driver (autodetected): hpdftex.

(C:\Users\Dell\AppData\Local\Programs\MiKTeX\tex/latex/hyperref\hpdftex.def
File: hpdftex.def 2024-11-05 v7.01l Hyperref driver for pdfTeX

(C:\Users\Dell\AppData\Local\Programs\MiKTeX\tex/latex/base\atveryend-ltx.sty
Package: atveryend-ltx 2020/08/19 v1.0a Emulation of the original atveryend pac
kage
with kernel methods
)
\Fld@listcount=\count319
\c@bookmark@seq@number=\count320

(C:\Users\Dell\AppData\Local\Programs\MiKTeX\tex/latex/rerunfilecheck\rerunfile
check.sty
Package: rerunfilecheck 2022-07-10 v1.10 Rerun checks for auxiliary files (HO)

(C:\Users\Dell\AppData\Local\Programs\MiKTeX\tex/generic/uniquecounter\uniqueco
unter.sty
Package: uniquecounter 2019/12/15 v1.4 Provide unlimited unique counter (HO)
)
Package uniquecounter Info: New unique counter `rerunfilecheck' on input line 2
85.
)
\Hy@SectionHShift=\skip70
)
(C:\Users\Dell\AppData\Local\Programs\MiKTeX\tex/latex/biblatex\biblatex.sty
Package: biblatex 2024/03/21 v3.20 programmable bibliographies (PK/MW)

(C:\Users\Dell\AppData\Local\Programs\MiKTeX\tex/latex/logreq\logreq.sty
Package: logreq 2010/08/04 v1.0 xml request logger
\lrq@indent=\count321

(C:\Users\Dell\AppData\Local\Programs\MiKTeX\tex/latex/logreq\logreq.def
File: logreq.def 2010/08/04 v1.0 logreq spec v1.0
))
(C:\Users\Dell\AppData\Local\Programs\MiKTeX\tex/latex/base\ifthen.sty
Package: ifthen 2024/03/16 v1.1e Standard LaTeX ifthen package (DPC)
)
\c@tabx@nest=\count322
\c@listtotal=\count323
\c@listcount=\count324
\c@liststart=\count325
\c@liststop=\count326
\c@citecount=\count327
\c@citetotal=\count328
\c@multicitecount=\count329
\c@multicitetotal=\count330
\c@instcount=\count331
\c@maxnames=\count332
\c@minnames=\count333
\c@maxitems=\count334
\c@minitems=\count335
\c@citecounter=\count336
\c@maxcitecounter=\count337
\c@savedcitecounter=\count338
\c@uniquelist=\count339
\c@uniquename=\count340
\c@refsection=\count341
\c@refsegment=\count342
\c@maxextratitle=\count343
\c@maxextratitleyear=\count344
\c@maxextraname=\count345
\c@maxextradate=\count346
\c@maxextraalpha=\count347
\c@abbrvpenalty=\count348
\c@highnamepenalty=\count349
\c@lownamepenalty=\count350
\c@maxparens=\count351
\c@parenlevel=\count352
\blx@tempcnta=\count353
\blx@tempcntb=\count354
\blx@tempcntc=\count355
\c@blx@maxsection=\count356
\blx@maxsegment@0=\count357
\blx@notetype=\count358
\blx@parenlevel@text=\count359
\blx@parenlevel@foot=\count360
\blx@sectionciteorder@0=\count361
\blx@sectionciteorderinternal@0=\count362
\blx@entrysetcounter=\count363
\blx@biblioinstance=\count364
\labelnumberwidth=\skip71
\labelalphawidth=\skip72
\biblabelsep=\skip73
\bibitemsep=\skip74
\bibnamesep=\skip75
\bibinitsep=\skip76
\bibparsep=\skip77
\bibhang=\skip78
\blx@bcfin=\read2
\blx@bcfout=\write3
\blx@langwohyphens=\language79
\c@mincomprange=\count365
\c@maxcomprange=\count366
\c@mincompwidth=\count367
Package biblatex Info: Trying to load biblatex default data model...
Package biblatex Info: ... file 'blx-dm.def' found.

(C:\Users\Dell\AppData\Local\Programs\MiKTeX\tex/latex/biblatex\blx-dm.def
File: blx-dm.def 2024/03/21 v3.20 biblatex datamodel (PK/MW)
)
Package biblatex Info: Trying to load biblatex style data model...
Package biblatex Info: ... file 'ieee.dbx' not found.
Package biblatex Info: Trying to load biblatex custom data model...
Package biblatex Info: ... file 'biblatex-dm.cfg' not found.
\c@afterword=\count368
\c@savedafterword=\count369
\c@annotator=\count370
\c@savedannotator=\count371
\c@author=\count372
\c@savedauthor=\count373
\c@bookauthor=\count374
\c@savedbookauthor=\count375
\c@commentator=\count376
\c@savedcommentator=\count377
\c@editor=\count378
\c@savededitor=\count379
\c@editora=\count380
\c@savededitora=\count381
\c@editorb=\count382
\c@savededitorb=\count383
\c@editorc=\count384
\c@savededitorc=\count385
\c@foreword=\count386
\c@savedforeword=\count387
\c@holder=\count388
\c@savedholder=\count389
\c@introduction=\count390
\c@savedintroduction=\count391
\c@namea=\count392
\c@savednamea=\count393
\c@nameb=\count394
\c@savednameb=\count395
\c@namec=\count396
\c@savednamec=\count397
\c@translator=\count398
\c@savedtranslator=\count399
\c@shortauthor=\count400
\c@savedshortauthor=\count401
\c@shorteditor=\count402
\c@savedshorteditor=\count403
\c@labelname=\count404
\c@savedlabelname=\count405
\c@institution=\count406
\c@savedinstitution=\count407
\c@lista=\count408
\c@savedlista=\count409
\c@listb=\count410
\c@savedlistb=\count411
\c@listc=\count412
\c@savedlistc=\count413
\c@listd=\count414
\c@savedlistd=\count415
\c@liste=\count416
\c@savedliste=\count417
\c@listf=\count418
\c@savedlistf=\count419
\c@location=\count420
\c@savedlocation=\count421
\c@organization=\count422
\c@savedorganization=\count423
\c@origlocation=\count424
\c@savedoriglocation=\count425
\c@origpublisher=\count426
\c@savedorigpublisher=\count427
\c@publisher=\count428
\c@savedpublisher=\count429
\c@language=\count430
\c@savedlanguage=\count431
\c@origlanguage=\count432
\c@savedoriglanguage=\count433
\c@pageref=\count434
\c@savedpageref=\count435
\shorthandwidth=\skip79
\shortjournalwidth=\skip80
\shortserieswidth=\skip81
\shorttitlewidth=\skip82
\shortauthorwidth=\skip83
\shorteditorwidth=\skip84
\locallabelnumberwidth=\skip85
\locallabelalphawidth=\skip86
\localshorthandwidth=\skip87
\localshortjournalwidth=\skip88
\localshortserieswidth=\skip89
\localshorttitlewidth=\skip90
\localshortauthorwidth=\skip91
\localshorteditorwidth=\skip92
Package biblatex Info: Trying to load compatibility code...
Package biblatex Info: ... file 'blx-compat.def' found.

(C:\Users\Dell\AppData\Local\Programs\MiKTeX\tex/latex/biblatex\blx-compat.def
File: blx-compat.def 2024/03/21 v3.20 biblatex compatibility (PK/MW)
)
Package biblatex Info: Trying to load generic definitions...
Package biblatex Info: ... file 'biblatex.def' found.
(C:\Users\Dell\AppData\Local\Programs\MiKTeX\tex/latex/biblatex\biblatex.def
File: biblatex.def 2024/03/21 v3.20 biblatex compatibility (PK/MW)
\c@textcitecount=\count436
\c@textcitetotal=\count437
\c@textcitemaxnames=\count438
\c@biburlbigbreakpenalty=\count439
\c@biburlbreakpenalty=\count440
\c@biburlnumpenalty=\count441
\c@biburlucpenalty=\count442
\c@biburllcpenalty=\count443
\biburlbigskip=\muskip21
\biburlnumskip=\muskip22
\biburlucskip=\muskip23
\biburllcskip=\muskip24
\c@smartand=\count444
)
Package biblatex Info: Trying to load bibliography style 'ieee'...
Package biblatex Info: ... file 'ieee.bbx' found.

(C:\Users\Dell\AppData\Local\Programs\MiKTeX\tex/latex/biblatex-ieee\ieee.bbx
File: ieee.bbx 2025-08-01 v1.4f biblatex bibliography style
Package biblatex Info: Trying to load bibliography style 'numeric-comp'...
Package biblatex Info: ... file 'numeric-comp.bbx' found.

(C:\Users\Dell\AppData\Local\Programs\MiKTeX\tex/latex/biblatex/bbx\numeric-com
p.bbx
File: numeric-comp.bbx 2024/03/21 v3.20 biblatex bibliography style (PK/MW)
Package biblatex Info: Trying to load bibliography style 'numeric'...
Package biblatex Info: ... file 'numeric.bbx' found.

(C:\Users\Dell\AppData\Local\Programs\MiKTeX\tex/latex/biblatex/bbx\numeric.bbx
File: numeric.bbx 2024/03/21 v3.20 biblatex bibliography style (PK/MW)
Package biblatex Info: Trying to load bibliography style 'standard'...
Package biblatex Info: ... file 'standard.bbx' found.

(C:\Users\Dell\AppData\Local\Programs\MiKTeX\tex/latex/biblatex/bbx\standard.bb
x
File: standard.bbx 2024/03/21 v3.20 biblatex bibliography style (PK/MW)
\c@bbx:relatedcount=\count445
\c@bbx:relatedtotal=\count446
))))
Package biblatex Info: Trying to load citation style 'ieee'...
Package biblatex Info: ... file 'ieee.cbx' found.

(C:\Users\Dell\AppData\Local\Programs\MiKTeX\tex/latex/biblatex-ieee\ieee.cbx
File: ieee.cbx 2025-08-01 v1.4f biblatex citation style
Package biblatex Info: Trying to load citation style 'numeric-verb'...
Package biblatex Info: ... file 'numeric-verb.cbx' found.

(C:\Users\Dell\AppData\Local\Programs\MiKTeX\tex/latex/biblatex/cbx\numeric-ver
b.cbx
File: numeric-verb.cbx 2024/03/21 v3.20 biblatex citation style (PK/MW)
Package biblatex Info: Redefining '\cite'.
Package biblatex Info: Redefining '\parencite'.
Package biblatex Info: Redefining '\footcite'.
Package biblatex Info: Redefining '\footcitetext'.
Package biblatex Info: Redefining '\smartcite'.
Package biblatex Info: Redefining '\textcite'.
Package biblatex Info: Redefining '\supercite'.
Package biblatex Info: Redefining '\parencites'.
Package biblatex Info: Redefining '\smartcites'.
Package biblatex Info: Redefining '\textcites'.
))
Package biblatex Info: Trying to load configuration file...
Package biblatex Info: ... file 'biblatex.cfg' found.

(C:\Users\Dell\AppData\Local\Programs\MiKTeX\tex/latex/biblatex\biblatex.cfg
File: biblatex.cfg 
)
Package biblatex Info: Input encoding 'utf8' detected.
Package biblatex Info: Document encoding is UTF8 ....

(C:\Users\Dell\AppData\Local\Programs\MiKTeX\tex/latex/l3kernel\expl3.sty
Package: expl3 2024-11-02 L3 programming layer (loader) 

(C:\Users\Dell\AppData\Local\Programs\MiKTeX\tex/latex/l3backend\l3backend-pdft
ex.def
File: l3backend-pdftex.def 2024-05-08 L3 backend support: PDF output (pdfTeX)
\l__color_backend_stack_int=\count447
\l__pdf_internal_box=\box63
))
Package biblatex Info: ... and expl3
(biblatex)             2024-11-02 L3 programming layer (loader) 
(biblatex)             is new enough (at least 2020/04/06),
(biblatex)             setting 'casechanger=expl3'.

(C:\Users\Dell\AppData\Local\Programs\MiKTeX\tex/latex/biblatex\blx-case-expl3.
sty
(C:\Users\Dell\AppData\Local\Programs\MiKTeX\tex/latex/l3packages/xparse\xparse
.sty
Package: xparse 2024-08-16 L3 Experimental document command parser
)
Package: blx-case-expl3 2024/03/21 v3.20 expl3 case changing code for biblatex
)) (personnelhandler.sty
Package: personnelhandler 2023/06/21 v0.5 LaTeX package for multiple author (st
udent) management for IUT BSc Thesis Template

(C:\Users\Dell\AppData\Local\Programs\MiKTeX\tex/latex/pgf/utilities\pgffor.sty

(C:\Users\Dell\AppData\Local\Programs\MiKTeX\tex/latex/pgf/utilities\pgfrcs.sty

(C:\Users\Dell\AppData\Local\Programs\MiKTeX\tex/generic/pgf/utilities\pgfutil-
common.tex
\pgfutil@everybye=\toks29
\pgfutil@tempdima=\dimen257
\pgfutil@tempdimb=\dimen258
)
(C:\Users\Dell\AppData\Local\Programs\MiKTeX\tex/generic/pgf/utilities\pgfutil-
latex.def
\pgfutil@abb=\box64
)
(C:\Users\Dell\AppData\Local\Programs\MiKTeX\tex/generic/pgf/utilities\pgfrcs.c
ode.tex
(C:\Users\Dell\AppData\Local\Programs\MiKTeX\tex/generic/pgf\pgf.revision.tex)
Package: pgfrcs 2023-01-15 v3.1.10 (3.1.10)
))
(C:\Users\Dell\AppData\Local\Programs\MiKTeX\tex/latex/pgf/utilities\pgfkeys.st
y
(C:\Users\Dell\AppData\Local\Programs\MiKTeX\tex/generic/pgf/utilities\pgfkeys.
code.tex
\pgfkeys@pathtoks=\toks30
\pgfkeys@temptoks=\toks31

(C:\Users\Dell\AppData\Local\Programs\MiKTeX\tex/generic/pgf/utilities\pgfkeysl
ibraryfiltered.code.tex
\pgfkeys@tmptoks=\toks32
)))
(C:\Users\Dell\AppData\Local\Programs\MiKTeX\tex/latex/pgf/math\pgfmath.sty
(C:\Users\Dell\AppData\Local\Programs\MiKTeX\tex/generic/pgf/math\pgfmath.code.
tex
(C:\Users\Dell\AppData\Local\Programs\MiKTeX\tex/generic/pgf/math\pgfmathutil.c
ode.tex
\pgf@x=\dimen259
\pgf@xa=\dimen260
\pgf@xb=\dimen261
\pgf@xc=\dimen262
\pgf@y=\dimen263
\pgf@ya=\dimen264
\pgf@yb=\dimen265
\pgf@yc=\dimen266
\c@pgf@counta=\count448
\c@pgf@countb=\count449
\c@pgf@countc=\count450
\c@pgf@countd=\count451
)
(C:\Users\Dell\AppData\Local\Programs\MiKTeX\tex/generic/pgf/math\pgfmathparser
.code.tex
\pgfmath@dimen=\dimen267
\pgfmath@count=\count452
\pgfmath@box=\box65
\pgfmath@toks=\toks33
\pgfmath@stack@operand=\toks34
\pgfmath@stack@operation=\toks35
)
(C:\Users\Dell\AppData\Local\Programs\MiKTeX\tex/generic/pgf/math\pgfmathfuncti
ons.code.tex)
(C:\Users\Dell\AppData\Local\Programs\MiKTeX\tex/generic/pgf/math\pgfmathfuncti
ons.basic.code.tex)
(C:\Users\Dell\AppData\Local\Programs\MiKTeX\tex/generic/pgf/math\pgfmathfuncti
ons.trigonometric.code.tex)
(C:\Users\Dell\AppData\Local\Programs\MiKTeX\tex/generic/pgf/math\pgfmathfuncti
ons.random.code.tex)
(C:\Users\Dell\AppData\Local\Programs\MiKTeX\tex/generic/pgf/math\pgfmathfuncti
ons.comparison.code.tex)
(C:\Users\Dell\AppData\Local\Programs\MiKTeX\tex/generic/pgf/math\pgfmathfuncti
ons.base.code.tex)
(C:\Users\Dell\AppData\Local\Programs\MiKTeX\tex/generic/pgf/math\pgfmathfuncti
ons.round.code.tex)
(C:\Users\Dell\AppData\Local\Programs\MiKTeX\tex/generic/pgf/math\pgfmathfuncti
ons.misc.code.tex)
(C:\Users\Dell\AppData\Local\Programs\MiKTeX\tex/generic/pgf/math\pgfmathfuncti
ons.integerarithmetics.code.tex)
(C:\Users\Dell\AppData\Local\Programs\MiKTeX\tex/generic/pgf/math\pgfmathcalc.c
ode.tex)
(C:\Users\Dell\AppData\Local\Programs\MiKTeX\tex/generic/pgf/math\pgfmathfloat.
code.tex
\c@pgfmathroundto@lastzeros=\count453
)))
(C:\Users\Dell\AppData\Local\Programs\MiKTeX\tex/generic/pgf/utilities\pgffor.c
ode.tex
Package: pgffor 2023-01-15 v3.1.10 (3.1.10)
\pgffor@iter=\dimen268
\pgffor@skip=\dimen269
\pgffor@stack=\toks36
\pgffor@toks=\toks37
))
(C:\Users\Dell\AppData\Local\Programs\MiKTeX\tex/latex/xstring\xstring.sty
(C:\Users\Dell\AppData\Local\Programs\MiKTeX\tex/generic/xstring\xstring.tex
\xs_counta=\count454
\xs_countb=\count455
)
Package: xstring 2023/08/22 v1.86 String manipulations (CT)
)
\c@authorcounter=\count456
\c@cosupervisorcounter=\count457
)
\c@savepage=\count458
(frontmatter.sty
Package: frontmatter 2023/06/21 v0.1 LaTeX package to work with iutbscthesis cl
ass and provide commands for generating front matter texts
\authcolwidth=\skip93
))
(C:\Users\Dell\AppData\Local\Programs\MiKTeX\tex/latex/appendix\appendix.sty
Package: appendix 2020/02/08 v1.2c extra appendix facilities
\c@@pps=\count459
\c@@ppsavesec=\count460
\c@@ppsaveapp=\count461
)
(C:\Users\Dell\AppData\Local\Programs\MiKTeX\tex/latex/multirow\multirow.sty
Package: multirow 2024/11/12 v2.9 Span multiple rows of a table
\multirow@colwidth=\skip94
\multirow@cntb=\count462
\multirow@dima=\skip95
\bigstrutjot=\dimen270
)
(C:\Users\Dell\AppData\Local\Programs\MiKTeX\tex/latex/tools\tabularx.sty
Package: tabularx 2023/12/11 v2.12a `tabularx' package (DPC)
\TX@col@width=\dimen271
\TX@old@table=\dimen272
\TX@old@col=\dimen273
\TX@target=\dimen274
\TX@delta=\dimen275
\TX@cols=\count463
\TX@ftn=\toks38
)
\@quotelevel=\count464
\@quotereset=\count465
LaTeX Font Info:    Trying to load font information for T1+stix2 on input line 
24.

(C:\Users\Dell\AppData\Local\Programs\MiKTeX\tex/fonts/stix2-type1\t1stix2.fd
File: t1stix2.fd 2018/04/02 v2.0.0-latex stix2 T1 font definitions
)
(main.aux)
\openout1 = `main.aux'.

LaTeX Font Info:    Checking defaults for OML/cmm/m/it on input line 24.
LaTeX Font Info:    ... okay on input line 24.
LaTeX Font Info:    Checking defaults for OMS/cmsy/m/n on input line 24.
LaTeX Font Info:    ... okay on input line 24.
LaTeX Font Info:    Checking defaults for OT1/cmr/m/n on input line 24.
LaTeX Font Info:    ... okay on input line 24.
LaTeX Font Info:    Checking defaults for T1/cmr/m/n on input line 24.
LaTeX Font Info:    ... okay on input line 24.
LaTeX Font Info:    Checking defaults for TS1/cmr/m/n on input line 24.
LaTeX Font Info:    ... okay on input line 24.
LaTeX Font Info:    Checking defaults for OMX/cmex/m/n on input line 24.
LaTeX Font Info:    ... okay on input line 24.
LaTeX Font Info:    Checking defaults for U/cmr/m/n on input line 24.
LaTeX Font Info:    ... okay on input line 24.
LaTeX Font Info:    Checking defaults for LS1/stix2/m/n on input line 24.
LaTeX Font Info:    Trying to load font information for LS1+stix2 on input line
 24.

(C:\Users\Dell\AppData\Local\Programs\MiKTeX\tex/fonts/stix2-type1\ls1stix2.fd
File: ls1stix2.fd 2018/04/02 v2.0.0-latex stix2 LS1 font definitions
)
LaTeX Font Info:    ... okay on input line 24.
LaTeX Font Info:    Checking defaults for LS2/stix2/m/n on input line 24.
LaTeX Font Info:    Trying to load font information for LS2+stix2 on input line
 24.
(C:\Users\Dell\AppData\Local\Programs\MiKTeX\tex/fonts/stix2-type1\ls2stix2.fd
File: ls2stix2.fd 2018/04/02 v2.0.0-latex stix2 LS2 font definitions
)
LaTeX Font Info:    ... okay on input line 24.
LaTeX Font Info:    Checking defaults for PD1/pdf/m/n on input line 24.
LaTeX Font Info:    ... okay on input line 24.
LaTeX Font Info:    Checking defaults for PU/pdf/m/n on input line 24.
LaTeX Font Info:    ... okay on input line 24.
*geometry* driver: auto-detecting
*geometry* detected driver: pdftex
*geometry* verbose mode - [ preamble ] result:
* driver: pdftex
* paper: <default>
* layout: <same size as paper>
* layoutoffset:(h,v)=(0.0pt,0.0pt)
* modes: 
* h-part:(L,W,R)=(99.58464pt, 426.79135pt, 71.13188pt)
* v-part:(T,H,B)=(85.35826pt, 674.33032pt, 85.35826pt)
* \paperwidth=597.50787pt
* \paperheight=845.04684pt
* \textwidth=426.79135pt
* \textheight=674.33032pt
* \oddsidemargin=27.31465pt
* \evensidemargin=27.31465pt
* \topmargin=-23.91173pt
* \headheight=12.0pt
* \headsep=25.0pt
* \topskip=12.0pt
* \footskip=30.0pt
* \marginparwidth=35.0pt
* \marginparsep=10.0pt
* \columnsep=10.0pt
* \skip\footins=10.8pt plus 4.0pt minus 2.0pt
* \hoffset=0.0pt
* \voffset=0.0pt
* \mag=1000
* \@twocolumnfalse
* \@twosidefalse
* \@mparswitchfalse
* \@reversemarginfalse
* (1in=72.27pt=25.4mm, 1cm=28.453pt)

Package caption Info: Begin \AtBeginDocument code.
Package caption Info: hyperref package is loaded.
Package caption Info: listings package is loaded.
Package caption Info: End \AtBeginDocument code.
(C:\Users\Dell\AppData\Local\Programs\MiKTeX\tex/latex/graphics\color.sty
Package: color 2024/06/23 v1.3e Standard LaTeX Color (DPC)

(C:\Users\Dell\AppData\Local\Programs\MiKTeX\tex/latex/graphics-cfg\color.cfg
File: color.cfg 2016/01/02 v1.6 sample color configuration
)
Package color Info: Driver file: pdftex.def on input line 149.

(C:\Users\Dell\AppData\Local\Programs\MiKTeX\tex/latex/graphics\mathcolor.ltx))

(C:\Users\Dell\AppData\Local\Programs\MiKTeX\tex/context/base/mkii\supp-pdf.mki
i
[Loading MPS to PDF converter (version 2006.09.02).]
\scratchcounter=\count466
\scratchdimen=\dimen276
\scratchbox=\box66
\nofMPsegments=\count467
\nofMParguments=\count468
\everyMPshowfont=\toks39
\MPscratchCnt=\count469
\MPscratchDim=\dimen277
\MPnumerator=\count470
\makeMPintoPDFobject=\count471
\everyMPtoPDFconversion=\toks40
)
(C:\Users\Dell\AppData\Local\Programs\MiKTeX\tex/latex/epstopdf-pkg\epstopdf-ba
se.sty
Package: epstopdf-base 2020-01-24 v2.11 Base part for package epstopdf
Package epstopdf-base Info: Redefining graphics rule for `.eps' on input line 4
85.

(C:\Users\Dell\AppData\Local\Programs\MiKTeX\tex/latex/00miktex\epstopdf-sys.cf
g
File: epstopdf-sys.cfg 2021/03/18 v2.0 Configuration of epstopdf for MiKTeX
))
LaTeX Info: Command `\dddot' is already robust on input line 24.
LaTeX Info: Command `\ddddot' is already robust on input line 24.
\c@lstlisting=\count472
Package hyperref Info: Link coloring OFF on input line 24.
 (main.out) (main.out)
\@outlinefile=\write4
\openout4 = `main.out'.

Package biblatex Info: Trying to load language 'english'...
Package biblatex Info: ... file 'english.lbx' found.

(C:\Users\Dell\AppData\Local\Programs\MiKTeX\tex/latex/biblatex/lbx\english.lbx
File: english.lbx 2024/03/21 v3.20 biblatex localization (PK/MW)
)
Package biblatex Info: Input encoding 'utf8' detected.
Package biblatex Info: Automatic encoding selection.
(biblatex)             Assuming data encoding 'utf8'.
\openout3 = `main.bcf'.

Package biblatex Info: Trying to load bibliographic data...
Package biblatex Info: ... file 'main.bbl' found.
 (main.bbl)
Package biblatex Info: Reference section=0 on input line 24.
Package biblatex Info: Reference segment=0 on input line 24.


[1

{C:/Users/Dell/AppData/Local/MiKTeX/fonts/map/pdftex/pdftex.map}{C:/Users/Dell/
AppData/Local/Programs/MiKTeX/fonts/enc/dvips/stix2-type1/stix2-t1.enc}]

[1

]
LaTeX Font Info:    Trying to load font information for LS1+stix2scr on input l
ine 35.

(C:\Users\Dell\AppData\Local\Programs\MiKTeX\tex/fonts/stix2-type1\ls1stix2scr.
fd
File: ls1stix2scr.fd 2018/04/02 v2.0.0-latex stix2 script LS1 font definitions
)
LaTeX Font Info:    Trying to load font information for LS2+stix2ex on input li
ne 35.

(C:\Users\Dell\AppData\Local\Programs\MiKTeX\tex/fonts/stix2-type1\ls2stix2ex.f
d
File: ls2stix2ex.fd 2018/04/02 v2.0.0-latex stix2 extentions LS2 font definitio
ns
)
LaTeX Font Info:    Trying to load font information for LS1+stix2frak on input 
line 35.

(C:\Users\Dell\AppData\Local\Programs\MiKTeX\tex/fonts/stix2-type1\ls1stix2frak
.fd
File: ls1stix2frak.fd 2018/04/02 v2.0.0-latex stix2 fraktur LS1 font definition
s
)
LaTeX Font Info:    Trying to load font information for LS1+stix2bb on input li
ne 35.

(C:\Users\Dell\AppData\Local\Programs\MiKTeX\tex/fonts/stix2-type1\ls1stix2bb.f
d
File: ls1stix2bb.fd 2018/04/02 v2.0.0-latex stix2 blackboard LS1 font definitio
ns
)
LaTeX Font Info:    Trying to load font information for LS2+stix2cal on input l
ine 35.

(C:\Users\Dell\AppData\Local\Programs\MiKTeX\tex/fonts/stix2-type1\ls2stix2cal.
fd
File: ls2stix2cal.fd 2018/04/02 v2.0.0-latex stix2 calligraphic LS2 font defini
tions
)
LaTeX Font Info:    Trying to load font information for LS1+stix2sf on input li
ne 35.

(C:\Users\Dell\AppData\Local\Programs\MiKTeX\tex/fonts/stix2-type1\ls1stix2sf.f
d
File: ls1stix2sf.fd 2018/04/02 v2.0.0-latex stix2 sans-serif LS1 font definitio
ns
)
LaTeX Font Info:    Trying to load font information for LS2+stix2tt on input li
ne 35.

(C:\Users\Dell\AppData\Local\Programs\MiKTeX\tex/fonts/stix2-type1\ls2stix2tt.f
d
File: ls2stix2tt.fd 2018/04/02 v2.0.0-latex stix2 typewriter LS2 font definitio
ns
)
Overfull \hbox (24.0pt too wide) in paragraph at lines 35--35
 [][] 
 []


Overfull \hbox (3.2595pt too wide) in paragraph at lines 35--35
\T1/stix2/m/n/12 fes-sor, De-part-ment of Com-puter Sci-ence and En-gi-neer-ing
 and co-supervision of \T1/stix2/b/n/12 Faisal
 []



[2

]

[3

] (main.toc

[4


]
Overfull \hbox (4.0142pt too wide) in paragraph at lines 68--68
 [][] [][]\T1/stix2/m/n/12 Stage 5: The Non-Parametric Re-hearsal Ad-van-tage U
n-der Lane- 
 []



[5{C:/Users/Dell/AppData/Local/Programs/MiKTeX/fonts/enc/dvips/stix2-type1/stix
2-mathit.enc}]
Overfull \hbox (6.97826pt too wide) in paragraph at lines 72--72
 [][] [][]\T1/stix2/m/n/12 The Orientation-Mismatch Fail-ure Is Spe-cific to th
e Fine-Tuning 
 []

)
\tf@toc=\write5
\openout5 = `main.toc'.



[6] (main.lof
Overfull \hbox (5.26942pt too wide) in paragraph at lines 11--11
 \T1/stix2/m/n/12 frame, in-cluded to con-firm that Sce-nario 7's se-vere re-co
v-ery re-sult (com- 
 []

)
\tf@lof=\write6
\openout6 = `main.lof'.



[7

]

[8] (main.lot
Overfull \hbox (3.71426pt too wide) in paragraph at lines 10--10
 \T1/stix2/m/n/12 ter-part of one Stage 3 com-par-i-son with the curved por-tio
n of Sce-nario 32 
 []


Overfull \hbox (3.00153pt too wide) in paragraph at lines 11--11
 [][] [][]\T1/stix2/m/n/12 The six Stage 5 com-par-isons, all rehearsal-trained
 non-parametric mod- 
 []



[9

]
Overfull \hbox (1.30957pt too wide) in paragraph at lines 19--19
 \T1/stix2/m/n/12 mod-els, across all four com-par-isons. The non-parametric mo
d-els' zero- 
 []


Overfull \hbox (7.03737pt too wide) in paragraph at lines 22--22
 [][] [][]\T1/stix2/m/n/12 GPS position-quality meta-data for Sce-nario 1 ver-s
us Sce-nar-ios 32 and 33, 
 []


Overfull \hbox (22.98222pt too wide) in paragraph at lines 23--23
 \T1/stix2/m/n/12 Sce-nario 32. The cross-road spread nearly triples be-gin-nin
g at the $\LS1/stix2/m/n/12 [45\LS1/stix2/m/it/12 ; \LS1/stix2/m/n/12 50/$ \T1/
stix2/m/n/12 m 
 []


Overfull \hbox (2.26218pt too wide) in paragraph at lines 24--24
 [][] [][]\T1/stix2/m/n/12 Full-data (R3--R6) ver-sus straight-segment-only (S3
--S6) top-2 ac-cu-racy, 
 []

)
\tf@lot=\write7
\openout7 = `main.lot'.



[10{C:/Users/Dell/AppData/Local/Programs/MiKTeX/fonts/enc/dvips/stix2-type1/sti
x2-mathrm.enc}]

[11]

[12

]

[13

]

[14

]

[15]

[16]
Chapter 1.

Overfull \hbox (0.55125pt too wide) in paragraph at lines 88--89
\T1/stix2/m/n/12 Millimeter wave (mmWave) and mas-sive multiple-input multiple-
output (MIMO) sys-
 []



[1


]

[2]
LaTeX Font Info:    Trying to load font information for TS1+stix2 on input line
 111.

(C:\Users\Dell\AppData\Local\Programs\MiKTeX\tex/fonts/stix2-type1\ts1stix2.fd
File: ts1stix2.fd 2018/04/02 v2.0.0-latex stix2 TS1 font definitions
)

[3{C:/Users/Dell/AppData/Local/Programs/MiKTeX/fonts/enc/dvips/stix2-type1/stix
2-ts1.enc}]
Overfull \hbox (11.06413pt too wide) in paragraph at lines 124--125
\T1/stix2/m/n/12 ob-served drop in beam pre-dic-tion ac-cu-racy be-tween two co
n-di-tions could be at-tributable
 []



[4]
Overfull \hbox (3.0745pt too wide) in paragraph at lines 132--133
\T1/stix2/m/n/12 re-pro-duce the position-aided beam pre-dic-tion ar-chi-tec-tu
re, train-ing pro-to-col, and eval-
 []


Overfull \hbox (9.93526pt too wide) in paragraph at lines 138--139
[]\T1/stix2/b/n/12 C4: A resource-efficiency-oriented ar-chi-tec-ture com-par-i
-son for environmental-
 []



[5]

[6]

[7]
Chapter 2.

Overfull \hbox (31.54822pt too wide) in paragraph at lines 151--152
\T1/stix2/m/n/12 Digital-twin-aided wire-less com-mu-ni-ca-tion and the study o
f en-vi-ron-men-tal non-stationarity
 []



[8

]

[9]

[10]
Overfull \hbox (4.0922pt too wide) in paragraph at lines 169--170
\T1/stix2/m/n/12 uses wide-beam re-ceived sig-nal strength mea-sure-ments to-ge
ther with syn-thetic digital-
 []



[11]

[12]
Chapter 3.

Underfull \hbox (badness 10000) in paragraph at lines 197--197
[]|\T1/stix2/m/n/12 Reproduce the digital-twin-
 []


Underfull \hbox (badness 10000) in paragraph at lines 197--197
\T1/stix2/m/n/12 pretrain-then-fine-tune pipeline
 []


Underfull \hbox (badness 2409) in paragraph at lines 197--197
\T1/stix2/m/n/12 sin-gle real site, to val-i-date the
 []


Underfull \hbox (badness 1072) in paragraph at lines 197--197
\T1/stix2/m/n/12 im-ple-men-ta-tion be-fore any new
 []


Underfull \hbox (badness 4168) in paragraph at lines 197--198
\T1/stix2/m/n/12 DeepSense 6G Sce-nario 1 site,
 []


Underfull \hbox (badness 10000) in paragraph at lines 199--199
[]|\T1/stix2/m/n/12 Measure zero-shot degra-da-tion
 []


Underfull \hbox (badness 7963) in paragraph at lines 199--199
\T1/stix2/m/n/12 de-ploy-ment en-vi-ron-ment shifts
 []


Underfull \hbox (badness 5374) in paragraph at lines 199--199
\T1/stix2/m/n/12 axis, us-ing only real, already-
 []


Underfull \hbox (badness 4217) in paragraph at lines 199--200
[]|\T1/stix2/m/n/12 Four DeepSense 6G vehicle-to-
 []


Underfull \hbox (badness 1412) in paragraph at lines 201--201
[]|\T1/stix2/m/n/12 Determine whether the Stage 1
 []


Underfull \hbox (badness 10000) in paragraph at lines 201--201
\T1/stix2/m/n/12 site-shift sever-ity is in-trin-sic
 []


Underfull \hbox (badness 5460) in paragraph at lines 201--201
\T1/stix2/m/n/12 to the task or spe-cific to the
 []


Underfull \hbox (badness 10000) in paragraph at lines 201--201
\T1/stix2/m/n/12 ref-er-ence model's fine-tuning
 []


Underfull \hbox (badness 3646) in paragraph at lines 201--201
\T1/stix2/m/n/12 cheaper non-parametric mod-els
 []


Underfull \hbox (badness 1412) in paragraph at lines 203--203
[]|\T1/stix2/m/n/12 Determine whether the Stage 1
 []


Underfull \hbox (badness 10000) in paragraph at lines 203--203
\T1/stix2/m/n/12 site-shift sever-ity re-flects site
 []


Underfull \hbox (badness 10000) in paragraph at lines 203--203
\T1/stix2/m/n/12 re-peat-ing the pro-to-col across
 []


Underfull \hbox (badness 2698) in paragraph at lines 203--203
\T1/stix2/m/n/12 eight fur-ther com-par-isons built
 []


Underfull \hbox (badness 2012) in paragraph at lines 203--204
\T1/stix2/m/n/12 nar-ios: a sec-ond nar-row (two-
 []


Underfull \hbox (badness 1418) in paragraph at lines 205--205
[]|\T1/stix2/m/n/12 Diagnose the root cause of un-
 []


Underfull \hbox (badness 2020) in paragraph at lines 205--205
\T1/stix2/m/n/12 seed in-spec-tion, GPS meta-data,
 []


Underfull \hbox (badness 1412) in paragraph at lines 207--207
[]|\T1/stix2/m/n/12 Determine whether the Stage 2
 []


Underfull \hbox (badness 2384) in paragraph at lines 207--208
\T1/stix2/m/n/12 straight-segment Sce-nario 32/33
 []


Overfull \hbox (1.84938pt too wide) in paragraph at lines 193--210
 [][] 
 []



[13

]
Overfull \vbox (125.82071pt too high) has occurred while \output is active []



[14]

[15]
Overfull \hbox (19.20387pt too wide) in paragraph at lines 233--233
[]|\T1/stix2/m/n/12 Communication
 []


Underfull \hbox (badness 10000) in paragraph at lines 235--235
[]|\T1/stix2/m/n/12 McAllister Ave.,
 []


Underfull \hbox (badness 10000) in paragraph at lines 235--235
[]|\T1/stix2/m/n/12 V2I, street-
 []


Underfull \hbox (badness 10000) in paragraph at lines 236--236
[]|\T1/stix2/m/n/12 McAllister Ave.,
 []


Underfull \hbox (badness 10000) in paragraph at lines 236--236
\T1/stix2/m/n/12 Tempe, AZ (same
 []


Underfull \hbox (badness 10000) in paragraph at lines 236--236
[]|\T1/stix2/m/n/12 V2I, street-
 []


Underfull \hbox (badness 2343) in paragraph at lines 237--237
\T1/stix2/m/n/12 Tempe, AZ -- six-lane
 []


Underfull \hbox (badness 7759) in paragraph at lines 237--237
\T1/stix2/m/n/12 lim-its and larger ve-
 []


Underfull \hbox (badness 2126) in paragraph at lines 237--237
\T1/stix2/m/n/12 hi-cles in-clud-ing buses
 []


Underfull \hbox (badness 10000) in paragraph at lines 237--237
[]|\T1/stix2/m/n/12 V2I, street-
 []


Underfull \hbox (badness 10000) in paragraph at lines 238--238
[]|\T1/stix2/m/n/12 V2I, street-
 []



[16]
Underfull \hbox (badness 10000) in paragraph at lines 253--253
[]|\T1/stix2/m/n/12 Site (McAl-lis-ter
 []


Underfull \hbox (badness 10000) in paragraph at lines 256--256
[]|\T1/stix2/m/n/12 Time of day
 []


Underfull \hbox (badness 2237) in paragraph at lines 256--257
[]|\T1/stix2/m/n/12 Effect of a site shift un-der
 []


Overfull \hbox (12.27579pt too wide) in paragraph at lines 249--259
 [][] 
 []



[17]

[18]
Underfull \hbox (badness 10000) in paragraph at lines 278--278
[]|\T1/stix2/m/n/12 McAllister Ave.,
 []


Underfull \hbox (badness 10000) in paragraph at lines 278--278
[]|\T1/stix2/m/n/12 Narrow (2
 []


Underfull \hbox (badness 10000) in paragraph at lines 279--279
[]|\T1/stix2/m/n/12 McAllister Ave.,
 []


Underfull \hbox (badness 10000) in paragraph at lines 279--279
[]|\T1/stix2/m/n/12 Narrow (2
 []


Underfull \hbox (badness 10000) in paragraph at lines 280--280
[]|\T1/stix2/m/n/12 Wide (6
 []


Underfull \hbox (badness 10000) in paragraph at lines 281--281
[]|\T1/stix2/m/n/12 Wide (6
 []


Underfull \hbox (badness 10000) in paragraph at lines 282--282
[]|\T1/stix2/m/n/12 Day (no
 []


Underfull \hbox (badness 10000) in paragraph at lines 282--282
[]|\T1/stix2/m/n/12 Wide (4
 []


Underfull \hbox (badness 7595) in paragraph at lines 283--283
[]|\T1/stix2/m/n/12 College Ave., Tempe,
 []


Underfull \hbox (badness 10000) in paragraph at lines 283--283
[]|\T1/stix2/m/n/12 Narrow (2
 []


Underfull \hbox (badness 7595) in paragraph at lines 284--284
[]|\T1/stix2/m/n/12 College Ave., Tempe,
 []


Underfull \hbox (badness 10000) in paragraph at lines 284--284
[]|\T1/stix2/m/n/12 Narrow (2
 []



[19]
Overfull \hbox (5.86484pt too wide) in paragraph at lines 293--293
[]\T1/stix2/b/n/17.28 Stage 0: Re-pro-duc-ing the Digital-Twin-Pretrained
 []



[20]

[21{C:/Users/Dell/AppData/Local/Programs/MiKTeX/fonts/enc/dvips/stix2-type1/sti
x2-mathcal.enc}{C:/Users/Dell/AppData/Local/Programs/MiKTeX/fonts/enc/dvips/sti
x2-type1/stix2-mathrm-bold.enc}{C:/Users/Dell/AppData/Local/Programs/MiKTeX/fon
ts/enc/dvips/stix2-type1/stix2-mathbb.enc}{C:/Users/Dell/AppData/Local/Programs
/MiKTeX/fonts/enc/dvips/stix2-type1/stix2-mathex.enc}{C:/Users/Dell/AppData/Loc
al/Programs/MiKTeX/fonts/enc/dvips/stix2-type1/stix2-mathsf.enc}]
Overfull \hbox (0.12016pt too wide) in paragraph at lines 322--323
[]\T1/stix2/b/n/12 Step 3: Target-domain fine-tuning sweep. \T1/stix2/m/n/12 Th
e source-trained model is fine-tuned,
 []



[22]

[23]
Overfull \hbox (3.34344pt too wide) in paragraph at lines 383--384
\T1/stix2/m/n/12 com-par-i-son, en-sur-ing that any dif-fer-ence ob-served be-t
ween it and an al-ter-na-tive model
 []



[24]

Package hyperref Warning: Token not allowed in a PDF string (Unicode):
(hyperref)                removing `math shift' on input line 385.


Package hyperref Warning: Token not allowed in a PDF string (Unicode):
(hyperref)                removing `math shift' on input line 385.


Overfull \hbox (2.04741pt too wide) in paragraph at lines 388--389
$\LS1/stix2/m/it/12 k$\T1/stix2/m/n/12 -nearest neigh-bors is a non-parametric,
 instance-based clas-si-fier: it stores ev-ery train-
 []



[25]

Package hyperref Warning: Token not allowed in a PDF string (Unicode):
(hyperref)                removing `math shift' on input line 399.


Package hyperref Warning: Token not allowed in a PDF string (Unicode):
(hyperref)                removing `math shift' on input line 399.



[26]
Overfull \hbox (4.39212pt too wide) in paragraph at lines 409--410
\T1/stix2/m/n/12 struc-ture ex-plic-itly \T1/stix2/m/it/12 helps \T1/stix2/m/n/
12 an already-flexible non-parametric model rep-re-sent the beam-
 []



[27]
LaTeX Font Info:    Trying to load font information for T1+lmtt on input line 4
18.
 (C:\Users\Dell\AppData\Local\Programs\MiKTeX\tex/latex/lm\t1lmtt.fd
File: t1lmtt.fd 2015/05/01 v1.6.1 Font defs for Latin Modern
)
Overfull \hbox (0.74419pt too wide) in paragraph at lines 425--426
\T1/stix2/m/n/12 re-peat two of the orig-i-nal Stage 1 site-shift com-par-isons
 in the re-verse di-rec-tion (source
 []


Overfull \hbox (8.10014pt too wide) in paragraph at lines 425--426
\T1/stix2/m/n/12 same-lane-width (narrow-to-narrow) com-par-isons and two in-de
-pen-dent different-lane-
 []



[28{C:/Users/Dell/AppData/Local/Programs/MiKTeX/fonts/enc/dvips/lm/lm-ec.enc}]
Underfull \hbox (badness 10000) in paragraph at lines 433--434
[]|\T1/stix2/m/n/12 Reverse of the Sce-
 []


Underfull \hbox (badness 10000) in paragraph at lines 433--434
\T1/stix2/m/n/12 nario 1$\LS1/stix2sf/m/n/12 ™$\T1/stix2/m/n/12 2 time-of-day
 []


Underfull \hbox (badness 10000) in paragraph at lines 434--435
[]|\T1/stix2/m/n/12 Reverse of the Sce-
 []


Underfull \hbox (badness 10000) in paragraph at lines 434--435
\T1/stix2/m/n/12 nario 2$\LS1/stix2sf/m/n/12 ™$\T1/stix2/m/n/12 4 site-shift
 []


Overfull \hbox (5.36414pt too wide) in paragraph at lines 449--450
\T1/stix2/m/n/12 Stage 3 reuses the iden-ti-cal three-step pro-to-col de-scribe
d in []sec-tion 3.4[][] -- source-domain
 []



[29]
Overfull \hbox (36.96878pt too wide) in paragraph at lines 451--451
[]\T1/stix2/b/n/17.28 Stage 4: Root-Cause Di-ag-no-sis of Comparison-Specific
 []



[30]

[31]

[32]
Overfull \hbox (9.75279pt too wide) in paragraph at lines 502--502
[]\T1/stix2/b/n/17.28 Stage 5: Rehearsal-Protocol Re-cov-ery Un-der Lane-
 []



[33]
Overfull \hbox (5.99416pt too wide) in paragraph at lines 507--507
[]\T1/stix2/b/n/14.4 Six Fur-ther Com-par-isons, Reusing Stage 4's Curvature-Fr
ee
 []


Overfull \hbox (12.45622pt too wide) in paragraph at lines 513--525
 [][] 
 []



[34]

[35]

[36]

[37]
Chapter 4.

Overfull \hbox (63.86423pt too wide) in paragraph at lines 560--570
 [][] 
 []



[38

]

[39]

[40]
Overfull \hbox (4.70422pt too wide) in paragraph at lines 617--618
\T1/stix2/m/n/12 reuses that run un-mod-i-fied. Un-der the re-hearsal pro-to-co
l de-scribed in []sub-sec-tion 3.5.7[][],
 []


Overfull \hbox (6.58347pt too wide) in paragraph at lines 617--618
\T1/stix2/m/n/12 count $\LS1/stix2/m/it/12 N$ \T1/stix2/m/n/12 alone, since ev-
ery fit now in-cludes the full source-domain pool as well; Fourier-
 []


Overfull \hbox (21.09618pt too wide) in paragraph at lines 617--618
\T1/stix2/m/n/12 augmented $\LS1/stix2/m/it/12 k$\T1/stix2/m/n/12 -nearest neig
h-bors' com-plete eight-comparison re-hearsal sweep ([]sec-tion 3.6[][]'s
 []



[41]
Overfull \hbox (114.67212pt too wide) in paragraph at lines 649--661
 [][] 
 []



[42]
<phase3_recovery_comparison.png, id=987, 650.43pt x 433.62pt>
File: phase3_recovery_comparison.png Graphic file (type png)
<use phase3_recovery_comparison.png>
Package pdftex.def Info: phase3_recovery_comparison.png  used on input line 667
.
(pdftex.def)             Requested size: 405.45047pt x 270.30386pt.


[43 <./phase3_recovery_comparison.png>]

[44]
Overfull \hbox (168.85208pt too wide) in paragraph at lines 730--740
 [][] 
 []


Overfull \hbox (168.85208pt too wide) in paragraph at lines 746--756
 [][] 
 []

<model_comparison_recovery_curves.png, id=1013, 939.51pt x 686.565pt>
File: model_comparison_recovery_curves.png Graphic file (type png)
<use model_comparison_recovery_curves.png>
Package pdftex.def Info: model_comparison_recovery_curves.png  used on input li
ne 762.
(pdftex.def)             Requested size: 405.45047pt x 296.28575pt.


[45]
<model_comparison_final_accuracy.png, id=1019, 939.51pt x 650.43pt>
File: model_comparison_final_accuracy.png Graphic file (type png)
<use model_comparison_final_accuracy.png>
Package pdftex.def Info: model_comparison_final_accuracy.png  used on input lin
e 769.
(pdftex.def)             Requested size: 405.45047pt x 280.69177pt.


[46 <./model_comparison_recovery_curves.png>]

[47 <./model_comparison_final_accuracy.png>]
Overfull \hbox (2.91606pt too wide) in paragraph at lines 779--780
[]\T1/stix2/m/n/12 Table 4.9[][] re-ports zero-shot and two-hundred-sample top-
2 ac-cu-racy for all eight Stage 3
 []



[48]
Overfull \hbox (3.79945pt too wide) in paragraph at lines 808--808
[][]\T1/stix2/b/n/12 Per-Seed Tra-jec-to-ries Re-veal Gen-uine Train-ing In-sta
-bil-ity, Not Sam-pling Noise 
 []



[49]
Overfull \hbox (132.39595pt too wide) in paragraph at lines 818--827
 [][] 
 []



[50]
Overfull \hbox (1.35616pt too wide) in paragraph at lines 837--838
\T1/stix2/m/n/12 Applying the five-meter-bin cross-road stan-dard de-vi-a-tion 
di-ag-nos-tic de-scribed in []sub-
 []


Overfull \hbox (45.12021pt too wide) in paragraph at lines 841--853
 [][] 
 []



[51]
<scenario1_ue_scatter.png, id=1073, 414.8298pt x 327.624pt>
File: scenario1_ue_scatter.png Graphic file (type png)
<use scenario1_ue_scatter.png>
Package pdftex.def Info: scenario1_ue_scatter.png  used on input line 861.
(pdftex.def)             Requested size: 307.29028pt x 242.6979pt.
<scenario32_full_ue_scatter.png, id=1078, 487.0998pt x 327.624pt>
File: scenario32_full_ue_scatter.png Graphic file (type png)
<use scenario32_full_ue_scatter.png>
Package pdftex.def Info: scenario32_full_ue_scatter.png  used on input line 868
.
(pdftex.def)             Requested size: 307.29028pt x 206.68414pt.
<scenario33_full_ue_scatter.png, id=1079, 496.254pt x 327.624pt>
File: scenario33_full_ue_scatter.png Graphic file (type png)
<use scenario33_full_ue_scatter.png>
Package pdftex.def Info: scenario33_full_ue_scatter.png  used on input line 875
.
(pdftex.def)             Requested size: 307.29028pt x 202.86981pt.


[52 <./scenario1_ue_scatter.png> <./scenario32_full_ue_scatter.png>]
<scenario7_ue_scatter.png, id=1086, 419.166pt x 327.624pt>
File: scenario7_ue_scatter.png Graphic file (type png)
<use scenario7_ue_scatter.png>
Package pdftex.def Info: scenario7_ue_scatter.png  used on input line 882.
(pdftex.def)             Requested size: 307.29028pt x 240.18333pt.


[53 <./scenario33_full_ue_scatter.png> <./scenario7_ue_scatter.png>]
<scenario32straight_ue_scatter.png, id=1098, 570.933pt x 327.624pt>
File: scenario32straight_ue_scatter.png Graphic file (type png)
<use scenario32straight_ue_scatter.png>
Package pdftex.def Info: scenario32straight_ue_scatter.png  used on input line 
895.
(pdftex.def)             Requested size: 307.29028pt x 176.33942pt.
<scenario33straight_ue_scatter.png, id=1101, 580.0872pt x 327.624pt>
File: scenario33straight_ue_scatter.png Graphic file (type png)
<use scenario33straight_ue_scatter.png>
Package pdftex.def Info: scenario33straight_ue_scatter.png  used on input line 
902.
(pdftex.def)             Requested size: 307.29028pt x 173.5549pt.

Overfull \hbox (193.64374pt too wide) in paragraph at lines 909--919
 [][] 
 []



[54 <./scenario32straight_ue_scatter.png> <./scenario33straight_ue_scatter.png>
]

[55]
Overfull \hbox (8.10031pt too wide) in paragraph at lines 927--927
[][]\T1/stix2/b/n/12 Base Sta-tion Ori-en-ta-tion at Col-lege Av-enue Dif-fers 
From McAl-lis-ter by Roughly
 []


Overfull \hbox (17.46739pt too wide) in paragraph at lines 929--930
\T1/stix2/m/n/12 Applying the center-beam ori-en-ta-tion es-ti-ma-tion pro-ce-d
ure ([]sec-tion 3.2[][], []sub-sec-tion 3.7.5[][])
 []



[56{C:/Users/Dell/AppData/Local/Programs/MiKTeX/fonts/enc/dvips/stix2-type1/sti
x2-mathscr.enc}]
Overfull \hbox (54.28822pt too wide) in paragraph at lines 957--970
 [][] 
 []



[57]

[58]
Overfull \hbox (6.30011pt too wide) in paragraph at lines 989--990
\T1/stix2/m/n/12 The Stage 2 re-sults di-rectly re-solve the two-way am-bi-gu-i
ty raised in []sec-tion 3.5[][]: whether
 []



[59]

[60]

[61]

[62]

[63]

[64]

[65]
Overfull \hbox (0.50421pt too wide) in paragraph at lines 1028--1029
\T1/stix2/m/n/12 beam pre-dic-tion mod-els should be main-tained af-ter de-ploy
-ment. The sample-efficient
 []



[66]

[67]
Overfull \hbox (5.0401pt too wide) in paragraph at lines 1037--1038
\T1/stix2/m/n/12 This chap-ter re-pro-duced the digital-twin-pretrained beam pr
e-dic-tion base-line to within
 []



[68]

[69]
Chapter 5.


[70

]

[71]

[72]
Overfull \hbox (4.92726pt too wide) in paragraph at lines 1064--1065
\T1/stix2/m/n/12 it pro-vides a val-i-dated, faith-fully re-pro-duced im-ple-me
n-ta-tion of digital-twin-pretrained
 []


Overfull \hbox (6.35535pt too wide) in paragraph at lines 1064--1065
\T1/stix2/m/n/12 cur-va-ture as a dis-tinct, pre-vi-ously un-doc-u-mented con-t
rib-u-tor to post-deployment beam
 []


Overfull \hbox (0.19931pt too wide) in paragraph at lines 1064--1065
\T1/stix2/m/n/12 pre-dic-tion degra-da-tion. Sev-enth, it ex-tends the fourth c
on-tri-bu-tion's rehearsal-trained
 []



[73]

[74]

[75]

[76]

[77]
Overfull \hbox (1.75146pt too wide) in paragraph at lines 1084--1084
[]\T1/stix2/m/n/12 A. Alkha-teeb, ``Deep-MIMO: A generic deep learn-ing dataset
 for mil-lime-ter wave
 []


Overfull \hbox (13.41359pt too wide) in paragraph at lines 1084--1084
\T1/stix2/m/n/12 sive MIMO CSI feed-back: Ex-plor-ing the im-pact of twin-ning 
fi-delity,'' \T1/stix2/m/it/12 arXiv preprint
 []



[78

]

[79] (main.aux)
 ***********
LaTeX2e <2024-11-01>
L3 programming layer <2024-11-02>
 ***********
Package rerunfilecheck Info: File `main.out' has not changed.
(rerunfilecheck)             Checksum: 97F0EA4386C6F22428BB449D16054F4F;20362.
Package logreq Info: Writing requests to 'main.run.xml'.
\openout1 = `main.run.xml'.

 ) 
Here is how much of TeX's memory you used:
 30345 strings out of 473682
 537428 string characters out of 5719691
 1314153 words of memory out of 5000000
 52803 multiletter control sequences out of 15000+600000
 681668 words of font info for 123 fonts, out of 8000000 for 9000
 1141 hyphenation exceptions out of 8191
 84i,15n,95p,6236b,1489s stack positions out of 10000i,1000n,20000p,200000b,200000s
<C:/Users/Dell/AppData/Local/Programs/MiKTeX/fonts/type1/public/stix2-type1/S
TIX2Math.pfb><C:/Users/Dell/AppData/Local/Programs/MiKTeX/fonts/type1/public/st
ix2-type1/STIX2Text-Bold.pfb><C:/Users/Dell/AppData/Local/Programs/MiKTeX/fonts
/type1/public/stix2-type1/STIX2Text-Italic.pfb><C:/Users/Dell/AppData/Local/Pro
grams/MiKTeX/fonts/type1/public/stix2-type1/STIX2Text-Regular.pfb><C:/Users/Del
l/AppData/Local/Programs/MiKTeX/fonts/type1/public/lm/lmtt12.pfb>
Output written on main.pdf (96 pages, 1758941 bytes).
PDF statistics:
 1385 PDF objects out of 1440 (max. 8388607)
 238 named destinations out of 1000 (max. 500000)
 710 words of extra memory for PDF output out of 10000 (max. 10000000)

